Component: ARM Compiler 5.06 update 7 (build 960) Tool: armlink [4d3601]

==============================================================================

Section Cross References

    main.o(i.TIM6_IRQHandler) refers to stm32f4xx_tim.o(i.TIM_GetITStatus) for TIM_GetITStatus
    main.o(i.TIM6_IRQHandler) refers to stm32f4xx_tim.o(i.TIM_ClearITPendingBit) for TIM_ClearITPendingBit
    main.o(i.TIM6_IRQHandler) refers to delay.o(i.delay_ms) for delay_ms
    main.o(i.TIM6_IRQHandler) refers to stm32f4xx_tim.o(i.TIM_SetCounter) for TIM_SetCounter
    main.o(i.TIM6_IRQHandler) refers to stm32f4xx_tim.o(i.TIM_Cmd) for TIM_Cmd
    main.o(i.TIM6_IRQHandler) refers to main.o(.data) for countNum
    main.o(i.main) refers to misc.o(i.NVIC_PriorityGroupConfig) for NVIC_PriorityGroupConfig
    main.o(i.main) refers to bsp_led.o(i.Led_Init) for Led_Init
    main.o(i.main) refers to delay.o(i.delay_init) for delay_init
    main.o(i.main) refers to motor.o(i.Motor_Init) for Motor_Init
    main.o(i.main) refers to linear_actuator.o(i.LinearActuator_Init) for LinearActuator_Init
    main.o(i.main) refers to claw_servo.o(i.claw_servo_Init) for claw_servo_Init
    main.o(i.main) refers to bsp_uart.o(i.UART1_Init) for UART1_Init
    main.o(i.main) refers to bsp_uart.o(i.UART3_Init) for UART3_Init
    main.o(i.main) refers to bsp_uart.o(i.UART4_Init) for UART4_Init
    main.o(i.main) refers to delay.o(i.delay_ms) for delay_ms
    main.o(i.main) refers to rt_memcpy_w.o(.text) for __aeabi_memcpy4
    main.o(i.main) refers to uart_debug.o(i.uart_debugfunction) for uart_debugfunction
    main.o(i.main) refers to bsp_uart.o(i.UART4_GetRxNum) for UART4_GetRxNum
    main.o(i.main) refers to bsp_uart.o(i.UART4_GetRxData) for UART4_GetRxData
    main.o(i.main) refers to bsp_uart.o(i.UART4_ClearRx) for UART4_ClearRx
    main.o(i.main) refers to calculate.o(i.String2int) for String2int
    main.o(i.main) refers to calculate.o(i.Calulate_Step) for Calulate_Step
    main.o(i.main) refers to bus_servo.o(i.Gimbal_Servo) for Gimbal_Servo
    main.o(i.main) refers to bus_servo.o(i.Door_Servo) for Door_Servo
    main.o(i.main) refers to motor.o(i.Motor_EN) for Motor_EN
    main.o(i.main) refers to bus_servo.o(i.Wrist_ServoMove) for Wrist_ServoMove
    main.o(i.main) refers to motor_control.o(i.MOTOR_Move) for MOTOR_Move
    main.o(i.main) refers to motor.o(i.Motor_DIS) for Motor_DIS
    main.o(i.main) refers to claw_servo.o(i.claw_servo_setAngle) for claw_servo_setAngle
    main.o(i.main) refers to claw_servo.o(i.claw_servo_home) for claw_servo_home
    main.o(i.main) refers to switch.o(i.SwitchStatus) for SwitchStatus
    main.o(i.main) refers to stm32f4xx_tim.o(i.TIM_Cmd) for TIM_Cmd
    main.o(i.main) refers to stm32f4xx_tim.o(i.TIM_SetCounter) for TIM_SetCounter
    main.o(i.main) refers to main.o(.constdata) for .constdata
    main.o(i.main) refers to main.o(.data) for SystemStatus
    main.o(i.main) refers to motor_control.o(.bss) for srdx
    bsp_led.o(i.BLUE_blink) refers to delay.o(i.delay_ms) for delay_ms
    bsp_led.o(i.Led_Init) refers to stm32f4xx_rcc.o(i.RCC_AHB1PeriphClockCmd) for RCC_AHB1PeriphClockCmd
    bsp_led.o(i.Led_Init) refers to stm32f4xx_gpio.o(i.GPIO_Init) for GPIO_Init
    bsp_uart.o(.rev16_text) refers (Special) to use_no_semi_2.o(.text) for __use_no_semihosting
    bsp_uart.o(.revsh_text) refers (Special) to use_no_semi_2.o(.text) for __use_no_semihosting
    bsp_uart.o(.rrx_text) refers (Special) to use_no_semi_2.o(.text) for __use_no_semihosting
    bsp_uart.o(i.Send_To_Upper) refers (Special) to use_no_semi_2.o(.text) for __use_no_semihosting
    bsp_uart.o(i.Send_To_Upper) refers to bsp_uart.o(i.UART4_SendString) for UART4_SendString
    bsp_uart.o(i.UART1_ClearRx) refers (Special) to use_no_semi_2.o(.text) for __use_no_semihosting
    bsp_uart.o(i.UART1_ClearRx) refers to bsp_uart.o(.bss) for xUART1
    bsp_uart.o(i.UART1_GetRxData) refers (Special) to use_no_semi_2.o(.text) for __use_no_semihosting
    bsp_uart.o(i.UART1_GetRxData) refers to bsp_uart.o(.bss) for xUART1
    bsp_uart.o(i.UART1_GetRxNum) refers (Special) to use_no_semi_2.o(.text) for __use_no_semihosting
    bsp_uart.o(i.UART1_GetRxNum) refers to bsp_uart.o(.bss) for xUART1
    bsp_uart.o(i.UART1_Init) refers (Special) to use_no_semi_2.o(.text) for __use_no_semihosting
    bsp_uart.o(i.UART1_Init) refers to _printf_percent.o(.ARM.Collect$$_printf_percent$$00000000) for _printf_percent
    bsp_uart.o(i.UART1_Init) refers to _printf_d.o(.ARM.Collect$$_printf_percent$$00000009) for _printf_d
    bsp_uart.o(i.UART1_Init) refers to _printf_dec.o(.text) for _printf_int_dec
    bsp_uart.o(i.UART1_Init) refers to stm32f4xx_gpio.o(i.GPIO_Init) for GPIO_Init
    bsp_uart.o(i.UART1_Init) refers to stm32f4xx_gpio.o(i.GPIO_PinAFConfig) for GPIO_PinAFConfig
    bsp_uart.o(i.UART1_Init) refers to misc.o(i.NVIC_Init) for NVIC_Init
    bsp_uart.o(i.UART1_Init) refers to system_stm32f4xx.o(i.SystemCoreClockUpdate) for SystemCoreClockUpdate
[...]
    __lcctype_c_start                        0x08005c74   Data           0  lc_ctype_c.o(locale$$data)
    locale$$data                             0x08005d78   Section       28  lc_numeric_c.o(locale$$data)
    __lcctype_c_end                          0x08005d78   Data           0  lc_ctype_c.o(locale$$data)
    __lcnum_c_name                           0x08005d7c   Data           2  lc_numeric_c.o(locale$$data)
    __lcnum_c_start                          0x08005d84   Data           0  lc_numeric_c.o(locale$$data)
    __lcnum_c_point                          0x08005d90   Data           0  lc_numeric_c.o(locale$$data)
    __lcnum_c_thousands                      0x08005d92   Data           0  lc_numeric_c.o(locale$$data)
    __lcnum_c_grouping                       0x08005d93   Data           0  lc_numeric_c.o(locale$$data)
    __lcnum_c_end                            0x08005d94   Data           0  lc_numeric_c.o(locale$$data)
    .data                                    0x20000000   Section       21  main.o(.data)
    .data                                    0x20000018   Section       16  bsp_uart.o(.data)
    cnt                                      0x2000001c   Data           2  bsp_uart.o(.data)
    cnt                                      0x2000001e   Data           2  bsp_uart.o(.data)
    cnt                                      0x20000020   Data           2  bsp_uart.o(.data)
    cnt                                      0x20000022   Data           2  bsp_uart.o(.data)
    cnt                                      0x20000024   Data           2  bsp_uart.o(.data)
    cnt                                      0x20000026   Data           2  bsp_uart.o(.data)
    .data                                    0x20000028   Section        4  delay.o(.data)
    fac_us                                   0x20000028   Data           1  delay.o(.data)
    fac_ms                                   0x2000002a   Data           2  delay.o(.data)
    .data                                    0x2000002c   Section       13  motor_control.o(.data)
    last_accel_delay                         0x20000030   Data           6  motor_control.o(.data)
    i                                        0x20000036   Data           3  motor_control.o(.data)
    .data                                    0x2000003c   Section       20  system_stm32f4xx.o(.data)
    .bss                                     0x20000050   Section    10848  bsp_uart.o(.bss)
    xUART1                                   0x20000050   Data          16  bsp_uart.o(.bss)
    uaUART1RxData                            0x20000060   Data         512  bsp_uart.o(.bss)
    uaUART1TxFiFoData                        0x20000260   Data        2048  bsp_uart.o(.bss)
    xUART2                                   0x20000a60   Data          16  bsp_uart.o(.bss)
    uaUART2RxData                            0x20000a70   Data         512  bsp_uart.o(.bss)
    uaUART2TxFiFoData                        0x20000c70   Data         512  bsp_uart.o(.bss)
    xUART3                                   0x20000e70   Data          16  bsp_uart.o(.bss)
    uaUart3RxData                            0x20000e80   Data         512  bsp_uart.o(.bss)
    uaUart3TxFiFoData                        0x20001080   Data         512  bsp_uart.o(.bss)
    xUART4                                   0x20001280   Data          16  bsp_uart.o(.bss)
    uaUart4RxData                            0x20001290   Data         512  bsp_uart.o(.bss)
    uaUart4TxFiFoData                        0x20001490   Data         512  bsp_uart.o(.bss)
    xUART5                                   0x20001690   Data          16  bsp_uart.o(.bss)
    uaUart5RxData                            0x200016a0   Data         512  bsp_uart.o(.bss)
    uaUart5TxFiFoData                        0x200018a0   Data         512  bsp_uart.o(.bss)
    xUART6                                   0x20001aa0   Data          16  bsp_uart.o(.bss)
    uaUart6RxData                            0x20001ab0   Data         512  bsp_uart.o(.bss)
    uaUart6TxFiFoData                        0x20001cb0   Data         512  bsp_uart.o(.bss)
    rxTemp                                   0x20001eb0   Data         512  bsp_uart.o(.bss)
    rxTemp                                   0x200020b0   Data         512  bsp_uart.o(.bss)
    rxTemp                                   0x200022b0   Data         512  bsp_uart.o(.bss)
    rxTemp                                   0x200024b0   Data         512  bsp_uart.o(.bss)
    rxTemp                                   0x200026b0   Data         512  bsp_uart.o(.bss)
    rxTemp                                   0x200028b0   Data         512  bsp_uart.o(.bss)
    .bss                                     0x20002ab0   Section       96  motor_control.o(.bss)
    step_count                               0x20002af8   Data          12  motor_control.o(.bss)
    rest                                     0x20002b04   Data          12  motor_control.o(.bss)
    .bss                                     0x20002b10   Section       96  libspace.o(.bss)
    HEAP                                     0x20002b70   Section      512  startup_stm32f40xx.o(HEAP)
    Heap_Mem                                 0x20002b70   Data         512  startup_stm32f40xx.o(HEAP)
    STACK                                    0x20002d70   Section     1024  startup_stm32f40xx.o(STACK)
    Stack_Mem                                0x20002d70   Data        1024  startup_stm32f40xx.o(STACK)
    __initial_sp                             0x20003170   Data           0  startup_stm32f40xx.o(STACK)

    Global Symbols

    Symbol Name                              Value     Ov Type        Size  Object(Section)

    BuildAttributes$$THM_ISAv4$E$P$D$K$B$S$7EM$VFPi3$EXTD16$VFPS$VFMA$PE$A:L22UL41UL21$X:L11$S22US41US21$IEEE1$IW$USESV6$~STKCKD$USESV7$~SHL$OTIME$ROPI$IEEEJ$EBA8$UX$STANDARDLIB$REQ8$PRES8$EABIv2 0x00000000   Number         0  anon$$obj.o ABSOLUTE
    __ARM_use_no_argv                        0x00000000   Number         0  main.o ABSOLUTE
    _printf_flags                            0x00000000   Number         0  printf_stubs.o ABSOLUTE
    _printf_return_value                     0x00000000   Number         0  printf_stubs.o ABSOLUTE
    _printf_sizespec                         0x00000000   Number         0  printf_stubs.o ABSOLUTE
    _printf_widthprec                        0x00000000   Number         0  printf_stubs.o ABSOLUTE
    __ARM_exceptions_init                     - Undefined Weak Reference
    __alloca_initialize                       - Undefined Weak Reference
    __arm_fini_                               - Undefined Weak Reference
    __arm_preinit_                            - Undefined Weak Reference
    __cpp_initialize__aeabi_                  - Undefined Weak Reference
    __cxa_finalize                            - Undefined Weak Reference
    __sigvec_lookup                           - Undefined Weak Reference
    _atexit_init                              - Undefined Weak Reference
    _call_atexit_fns                          - Undefined Weak Reference
    _clock_init                               - Undefined Weak Reference
    _fp_trap_init                             - Undefined Weak Reference
    _fp_trap_shutdown                         - Undefined Weak Reference
    _get_lc_collate                           - Undefined Weak Reference
    _get_lc_monetary                          - Undefined Weak Reference
    _get_lc_time                              - Undefined Weak Reference
    _getenv_init                              - Undefined Weak Reference
    _handle_redirection                       - Undefined Weak Reference
    _init_alloc                               - Undefined Weak Reference
    _init_user_alloc                          - Undefined Weak Reference
    _initio                                   - Undefined Weak Reference
    _mutex_acquire                            - Undefined Weak Reference
    _mutex_release                            - Undefined Weak Reference
    _printf_mbtowc                            - Undefined Weak Reference
    _printf_wc                                - Undefined Weak Reference
    _rand_init                                - Undefined Weak Reference
    _signal_finish                            - Undefined Weak Reference
    _signal_init                              - Undefined Weak Reference
    _terminate_alloc                          - Undefined Weak Reference
    _terminate_user_alloc                     - Undefined Weak Reference
    _terminateio                              - Undefined Weak Reference
    __Vectors_Size                           0x00000188   Number         0  startup_stm32f40xx.o ABSOLUTE
    __Vectors                                0x08000000   Data           4  startup_stm32f40xx.o(RESET)
    __Vectors_End                            0x08000188   Data           0  startup_stm32f40xx.o(RESET)
    __main                                   0x08000189   Thumb Code     8  __main.o(!!!main)
    __scatterload                            0x08000191   Thumb Code     0  __scatter.o(!!!scatter)
    __scatterload_rt2                        0x08000191   Thumb Code    44  __scatter.o(!!!scatter)
    __scatterload_rt2_thumb_only             0x08000191   Thumb Code     0  __scatter.o(!!!scatter)
    __scatterload_null                       0x0800019f   Thumb Code     0  __scatter.o(!!!scatter)
    __scatterload_copy                       0x080001c5   Thumb Code    26  __scatter_copy.o(!!handler_copy)
    __scatterload_zeroinit                   0x080001e1   Thumb Code    28  __scatter_zi.o(!!handler_zi)
    _printf_n                                0x080001fd   Thumb Code     0  _printf_n.o(.ARM.Collect$$_printf_percent$$00000001)
    _printf_percent                          0x080001fd   Thumb Code     0  _printf_percent.o(.ARM.Collect$$_printf_percent$$00000000)
    _printf_p                                0x08000203   Thumb Code     0  _printf_p.o(.ARM.Collect$$_printf_percent$$00000002)
    _printf_f                                0x08000209   Thumb Code     0  _printf_f.o(.ARM.Collect$$_printf_percent$$00000003)
    _printf_e                                0x0800020f   Thumb Code     0  _printf_e.o(.ARM.Collect$$_printf_percent$$00000004)
    _printf_g                                0x08000215   Thumb Code     0  _printf_g.o(.ARM.Collect$$_printf_percent$$00000005)
    _printf_a                                0x0800021b   Thumb Code     0  _printf_a.o(.ARM.Collect$$_printf_percent$$00000006)
    _printf_ll                               0x08000221   Thumb Code     0  _printf_ll.o(.ARM.Collect$$_printf_percent$$00000007)
    _printf_i                                0x0800022b   Thumb Code     0  _printf_i.o(.ARM.Collect$$_printf_percent$$00000008)
    _printf_d                                0x08000231   Thumb Code     0  _printf_d.o(.ARM.Collect$$_printf_percent$$00000009)
    _printf_u                                0x08000237   Thumb Code     0  _printf_u.o(.ARM.Collect$$_printf_percent$$0000000A)
    _printf_o                                0x0800023d   Thumb Code     0  _printf_o.o(.ARM.Collect$$_printf_percent$$0000000B)
    _printf_x                                0x08000243   Thumb Code     0  _printf_x.o(.ARM.Collect$$_printf_percent$$0000000C)
    _printf_lli                              0x08000249   Thumb Code     0  _printf_lli.o(.ARM.Collect$$_printf_percent$$0000000D)
    _printf_lld                              0x0800024f   Thumb Code     0  _printf_lld.o(.ARM.Collect$$_printf_percent$$0000000E)
    _printf_llu                              0x08000255   Thumb Code     0  _printf_llu.o(.ARM.Collect$$_printf_percent$$0000000F)
    _printf_llo                              0x0800025b   Thumb Code     0  _printf_llo.o(.ARM.Collect$$_printf_percent$$00000010)
    _printf_llx                              0x08000261   Thumb Code     0  _printf_llx.o(.ARM.Collect$$_printf_percent$$00000011)
    _printf_l                                0x08000267   Thumb Code     0  _printf_l.o(.ARM.Collect$$_printf_percent$$00000012)
    _printf_c                                0x08000271   Thumb Code     0  _printf_c.o(.ARM.Collect$$_printf_percent$$00000013)
    _printf_s                                0x08000277   Thumb Code     0  _printf_s.o(.ARM.Collect$$_printf_percent$$00000014)
    _printf_lc                               0x0800027d   Thumb Code     0  _printf_lc.o(.ARM.Collect$$_printf_percent$$00000015)
    _printf_ls                               0x08000283   Thumb Code     0  _printf_ls.o(.ARM.Collect$$_printf_percent$$00000016)
    _printf_percent_end                      0x08000289   Thumb Code     0  _printf_percent_end.o(.ARM.Collect$$_printf_percent$$00000017)
    __rt_lib_init                            0x0800028d   Thumb Code     0  libinit.o(.ARM.Collect$$libinit$$00000000)
    __rt_lib_init_fp_1                       0x0800028f   Thumb Code     0  libinit2.o(.ARM.Collect$$libinit$$00000001)
    __rt_lib_init_heap_1                     0x08000293   Thumb Code     0  libinit2.o(.ARM.Collect$$libinit$$0000000A)
    __rt_lib_init_lc_common                  0x08000293   Thumb Code     0  libinit2.o(.ARM.Collect$$libinit$$0000000F)
    __rt_lib_init_preinit_1                  0x08000293   Thumb Code     0  libinit2.o(.ARM.Collect$$libinit$$00000004)
    __rt_lib_init_rand_1                     0x08000293   Thumb Code     0  libinit2.o(.ARM.Collect$$libinit$$0000000E)
    __rt_lib_init_user_alloc_1               0x08000293   Thumb Code     0  libinit2.o(.ARM.Collect$$libinit$$0000000C)
    __rt_lib_init_lc_collate_1               0x08000299   Thumb Code     0  libinit2.o(.ARM.Collect$$libinit$$00000011)
    __rt_lib_init_lc_ctype_2                 0x08000299   Thumb Code     0  libinit2.o(.ARM.Collect$$libinit$$00000012)
    __rt_lib_init_lc_ctype_1                 0x080002a5   Thumb Code     0  libinit2.o(.ARM.Collect$$libinit$$00000013)
    __rt_lib_init_lc_monetary_1              0x080002a5   Thumb Code     0  libinit2.o(.ARM.Collect$$libinit$$00000015)
    __rt_lib_init_lc_numeric_2               0x080002a5   Thumb Code     0  libinit2.o(.ARM.Collect$$libinit$$00000016)
    __rt_lib_init_alloca_1                   0x080002af   Thumb Code     0  libinit2.o(.ARM.Collect$$libinit$$0000002E)
    __rt_lib_init_argv_1                     0x080002af   Thumb Code     0  libinit2.o(.ARM.Collect$$libinit$$0000002C)
    __rt_lib_init_atexit_1                   0x080002af   Thumb Code     0  libinit2.o(.ARM.Collect$$libinit$$0000001B)
    __rt_lib_init_clock_1                    0x080002af   Thumb Code     0  libinit2.o(.ARM.Collect$$libinit$$00000021)
    __rt_lib_init_cpp_1                      0x080002af   Thumb Code     0  libinit2.o(.ARM.Collect$$libinit$$00000032)
    __rt_lib_init_exceptions_1               0x080002af   Thumb Code     0  libinit2.o(.ARM.Collect$$libinit$$00000030)
    __rt_lib_init_fp_trap_1                  0x080002af   Thumb Code     0  libinit2.o(.ARM.Collect$$libinit$$0000001F)
    __rt_lib_init_getenv_1                   0x080002af   Thumb Code     0  libinit2.o(.ARM.Collect$$libinit$$00000023)
    __rt_lib_init_lc_numeric_1               0x080002af   Thumb Code     0  libinit2.o(.ARM.Collect$$libinit$$00000017)
    __rt_lib_init_lc_time_1                  0x080002af   Thumb Code     0  libinit2.o(.ARM.Collect$$libinit$$00000019)
    __rt_lib_init_return                     0x080002af   Thumb Code     0  libinit2.o(.ARM.Collect$$libinit$$00000033)
    __rt_lib_init_signal_1                   0x080002af   Thumb Code     0  libinit2.o(.ARM.Collect$$libinit$$0000001D)
    __rt_lib_init_stdio_1                    0x080002af   Thumb Code     0  libinit2.o(.ARM.Collect$$libinit$$00000025)
    __rt_lib_shutdown                        0x080002b1   Thumb Code     0  libshutdown.o(.ARM.Collect$$libshutdown$$00000000)
    __rt_lib_shutdown_cpp_1                  0x080002b3   Thumb Code     0  libshutdown2.o(.ARM.Collect$$libshutdown$$00000004)
    __rt_lib_shutdown_fini_1                 0x080002b3   Thumb Code     0  libshutdown2.o(.ARM.Collect$$libshutdown$$00000002)
    __rt_lib_shutdown_fp_trap_1              0x080002b3   Thumb Code     0  libshutdown2.o(.ARM.Collect$$libshutdown$$00000009)
    __rt_lib_shutdown_heap_1                 0x080002b3   Thumb Code     0  libshutdown2.o(.ARM.Collect$$libshutdown$$00000011)
    __rt_lib_shutdown_return                 0x080002b3   Thumb Code     0  libshutdown2.o(.ARM.Collect$$libshutdown$$00000012)
    __rt_lib_shutdown_signal_1               0x080002b3   Thumb Code     0  libshutdown2.o(.ARM.Collect$$libshutdown$$0000000C)
    __rt_lib_shutdown_stdio_1                0x080002b3   Thumb Code     0  libshutdown2.o(.ARM.Collect$$libshutdown$$00000006)
    __rt_lib_shutdown_user_alloc_1           0x080002b3   Thumb Code     0  libshutdown2.o(.ARM.Collect$$libshutdown$$0000000E)
    __rt_entry                               0x080002b5   Thumb Code     0  __rtentry.o(.ARM.Collect$$rtentry$$00000000)
    __rt_entry_presh_1                       0x080002b5   Thumb Code     0  __rtentry2.o(.ARM.Collect$$rtentry$$00000002)
    __rt_entry_sh                            0x080002b5   Thumb Code     0  __rtentry4.o(.ARM.Collect$$rtentry$$00000004)
    __rt_entry_li                            0x080002bb   Thumb Code     0  __rtentry2.o(.ARM.Collect$$rtentry$$0000000A)
    __rt_entry_postsh_1                      0x080002bb   Thumb Code     0  __rtentry2.o(.ARM.Collect$$rtentry$$00000009)
    __rt_entry_main                          0x080002bf   Thumb Code     0  __rtentry2.o(.ARM.Collect$$rtentry$$0000000D)
    __rt_entry_postli_1                      0x080002bf   Thumb Code     0  __rtentry2.o(.ARM.Collect$$rtentry$$0000000C)
    __rt_exit                                0x080002c7   Thumb Code     0  rtexit.o(.ARM.Collect$$rtexit$$00000000)
    __rt_exit_ls                             0x080002c9   Thumb Code     0  rtexit2.o(.ARM.Collect$$rtexit$$00000003)
    __rt_exit_prels_1                        0x080002c9   Thumb Code     0  rtexit2.o(.ARM.Collect$$rtexit$$00000002)
    __rt_exit_exit                           0x080002cd   Thumb Code     0  rtexit2.o(.ARM.Collect$$rtexit$$00000004)
    Reset_Handler                            0x080002d5   Thumb Code     8  startup_stm32f40xx.o(.text)
    ADC_IRQHandler                           0x080002ef   Thumb Code     0  startup_stm32f40xx.o(.text)
    CAN1_RX0_IRQHandler                      0x080002ef   Thumb Code     0  startup_stm32f40xx.o(.text)
    CAN1_RX1_IRQHandler                      0x080002ef   Thumb Code     0  startup_stm32f40xx.o(.text)
    CAN1_SCE_IRQHandler                      0x080002ef   Thumb Code     0  startup_stm32f40xx.o(.text)
    CAN1_TX_IRQHandler                       0x080002ef   Thumb Code     0  startup_stm32f40xx.o(.text)
    CAN2_RX0_IRQHandler                      0x080002ef   Thumb Code     0  startup_stm32f40xx.o(.text)
    CAN2_RX1_IRQHandler                      0x080002ef   Thumb Code     0  startup_stm32f40xx.o(.text)
    CAN2_SCE_IRQHandler                      0x080002ef   Thumb Code     0  startup_stm32f40xx.o(.text)
    CAN2_TX_IRQHandler                       0x080002ef   Thumb Code     0  startup_stm32f40xx.o(.text)
    CRYP_IRQHandler                          0x080002ef   Thumb Code     0  startup_stm32f40xx.o(.text)
    DCMI_IRQHandler                          0x080002ef   Thumb Code     0  startup_stm32f40xx.o(.text)
    DMA1_Stream0_IRQHandler                  0x080002ef   Thumb Code     0  startup_stm32f40xx.o(.text)
    DMA1_Stream1_IRQHandler                  0x080002ef   Thumb Code     0  startup_stm32f40xx.o(.text)
    DMA1_Stream2_IRQHandler                  0x080002ef   Thumb Code     0  startup_stm32f40xx.o(.text)
    DMA1_Stream3_IRQHandler                  0x080002ef   Thumb Code     0  startup_stm32f40xx.o(.text)
    DMA1_Stream4_IRQHandler                  0x080002ef   Thumb Code     0  startup_stm32f40xx.o(.text)
    DMA1_Stream5_IRQHandler                  0x080002ef   Thumb Code     0  startup_stm32f40xx.o(.text)
    DMA1_Stream6_IRQHandler                  0x080002ef   Thumb Code     0  startup_stm32f40xx.o(.text)
    DMA1_Stream7_IRQHandler                  0x080002ef   Thumb Code     0  startup_stm32f40xx.o(.text)
    DMA2_Stream0_IRQHandler                  0x080002ef   Thumb Code     0  startup_stm32f40xx.o(.text)
    DMA2_Stream1_IRQHandler                  0x080002ef   Thumb Code     0  startup_stm32f40xx.o(.text)
    DMA2_Stream2_IRQHandler                  0x080002ef   Thumb Code     0  startup_stm32f40xx.o(.text)
    DMA2_Stream3_IRQHandler                  0x080002ef   Thumb Code     0  startup_stm32f40xx.o(.text)
    DMA2_Stream4_IRQHandler                  0x080002ef   Thumb Code     0  startup_stm32f40xx.o(.text)
    DMA2_Stream5_IRQHandler                  0x080002ef   Thumb Code     0  startup_stm32f40xx.o(.text)
    DMA2_Stream6_IRQHandler                  0x080002ef   Thumb Code     0  startup_stm32f40xx.o(.text)
    DMA2_Stream7_IRQHandler                  0x080002ef   Thumb Code     0  startup_stm32f40xx.o(.text)
    ETH_IRQHandler                           0x080002ef   Thumb Code     0  startup_stm32f40xx.o(.text)
    ETH_WKUP_IRQHandler                      0x080002ef   Thumb Code     0  startup_stm32f40xx.o(.text)
    EXTI0_IRQHandler                         0x080002ef   Thumb Code     0  startup_stm32f40xx.o(.text)
    EXTI15_10_IRQHandler                     0x080002ef   Thumb Code     0  startup_stm32f40xx.o(.text)
    EXTI1_IRQHandler                         0x080002ef   Thumb Code     0  startup_stm32f40xx.o(.text)
    EXTI2_IRQHandler                         0x080002ef   Thumb Code     0  startup_stm32f40xx.o(.text)
    EXTI3_IRQHandler                         0x080002ef   Thumb Code     0  startup_stm32f40xx.o(.text)
    EXTI4_IRQHandler                         0x080002ef   Thumb Code     0  startup_stm32f40xx.o(.text)
    EXTI9_5_IRQHandler                       0x080002ef   Thumb Code     0  startup_stm32f40xx.o(.text)
    FLASH_IRQHandler                         0x080002ef   Thumb Code     0  startup_stm32f40xx.o(.text)
    FPU_IRQHandler                           0x080002ef   Thumb Code     0  startup_stm32f40xx.o(.text)
    FSMC_IRQHandler                          0x080002ef   Thumb Code     0  startup_stm32f40xx.o(.text)
    HASH_RNG_IRQHandler                      0x080002ef   Thumb Code     0  startup_stm32f40xx.o(.text)
    I2C1_ER_IRQHandler                       0x080002ef   Thumb Code     0  startup_stm32f40xx.o(.text)
    I2C1_EV_IRQHandler                       0x080002ef   Thumb Code     0  startup_stm32f40xx.o(.text)
    I2C2_ER_IRQHandler                       0x080002ef   Thumb Code     0  startup_stm32f40xx.o(.text)
    I2C2_EV_IRQHandler                       0x080002ef   Thumb Code     0  startup_stm32f40xx.o(.text)
    I2C3_ER_IRQHandler                       0x080002ef   Thumb Code     0  startup_stm32f40xx.o(.text)
    I2C3_EV_IRQHandler                       0x080002ef   Thumb Code     0  startup_stm32f40xx.o(.text)
    OTG_FS_IRQHandler                        0x080002ef   Thumb Code     0  startup_stm32f40xx.o(.text)
    OTG_FS_WKUP_IRQHandler                   0x080002ef   Thumb Code     0  startup_stm32f40xx.o(.text)
    OTG_HS_EP1_IN_IRQHandler                 0x080002ef   Thumb Code     0  startup_stm32f40xx.o(.text)
    OTG_HS_EP1_OUT_IRQHandler                0x080002ef   Thumb Code     0  startup_stm32f40xx.o(.text)
    OTG_HS_IRQHandler                        0x080002ef   Thumb Code     0  startup_stm32f40xx.o(.text)
    OTG_HS_WKUP_IRQHandler                   0x080002ef   Thumb Code     0  startup_stm32f40xx.o(.text)
    PVD_IRQHandler                           0x080002ef   Thumb Code     0  startup_stm32f40xx.o(.text)
    RCC_IRQHandler                           0x080002ef   Thumb Code     0  startup_stm32f40xx.o(.text)
    RTC_Alarm_IRQHandler                     0x080002ef   Thumb Code     0  startup_stm32f40xx.o(.text)
    RTC_WKUP_IRQHandler                      0x080002ef   Thumb Code     0  startup_stm32f40xx.o(.text)
    SDIO_IRQHandler                          0x080002ef   Thumb Code     0  startup_stm32f40xx.o(.text)
    SPI1_IRQHandler                          0x080002ef   Thumb Code     0  startup_stm32f40xx.o(.text)
    SPI2_IRQHandler                          0x080002ef   Thumb Code     0  startup_stm32f40xx.o(.text)
    SPI3_IRQHandler                          0x080002ef   Thumb Code     0  startup_stm32f40xx.o(.text)
    TAMP_STAMP_IRQHandler                    0x080002ef   Thumb Code     0  startup_stm32f40xx.o(.text)
    TIM1_BRK_TIM9_IRQHandler                 0x080002ef   Thumb Code     0  startup_stm32f40xx.o(.text)
    TIM1_CC_IRQHandler                       0x080002ef   Thumb Code     0  startup_stm32f40xx.o(.text)
    TIM1_TRG_COM_TIM11_IRQHandler            0x080002ef   Thumb Code     0  startup_stm32f40xx.o(.text)
    TIM1_UP_TIM10_IRQHandler                 0x080002ef   Thumb Code     0  startup_stm32f40xx.o(.text)
    TIM2_IRQHandler                          0x080002ef   Thumb Code     0  startup_stm32f40xx.o(.text)
    TIM3_IRQHandler                          0x080002ef   Thumb Code     0  startup_stm32f40xx.o(.text)
    TIM5_IRQHandler                          0x080002ef   Thumb Code     0  startup_stm32f40xx.o(.text)
    TIM6_DAC_IRQHandler                      0x080002ef   Thumb Code     0  startup_stm32f40xx.o(.text)
    TIM7_IRQHandler                          0x080002ef   Thumb Code     0  startup_stm32f40xx.o(.text)
    TIM8_BRK_TIM12_IRQHandler                0x080002ef   Thumb Code     0  startup_stm32f40xx.o(.text)
    TIM8_CC_IRQHandler                       0x080002ef   Thumb Code     0  startup_stm32f40xx.o(.text)
    TIM8_TRG_COM_TIM14_IRQHandler            0x080002ef   Thumb Code     0  startup_stm32f40xx.o(.text)
    TIM8_UP_TIM13_IRQHandler                 0x080002ef   Thumb Code     0  startup_stm32f40xx.o(.text)
    WWDG_IRQHandler                          0x080002ef   Thumb Code     0  startup_stm32f40xx.o(.text)
    __user_initial_stackheap                 0x080002f1   Thumb Code     0  startup_stm32f40xx.o(.text)
    __use_no_semihosting                     0x08000315   Thumb Code     2  use_no_semi_2.o(.text)
    vsnprintf                                0x08000319   Thumb Code    48  vsnprintf.o(.text)
    __2printf                                0x0800034d   Thumb Code    20  __2printf.o(.text)
    __2sprintf                               0x08000365   Thumb Code    38  __2sprintf.o(.text)
    _printf_str                              0x08000391   Thumb Code    82  _printf_str.o(.text)
    _printf_int_dec                          0x080003e5   Thumb Code   104  _printf_dec.o(.text)
    _printf_longlong_hex                     0x0800045d   Thumb Code    86  _printf_hex_int_ll_ptr.o(.text)
    _printf_int_hex                          0x080004b3   Thumb Code    28  _printf_hex_int_ll_ptr.o(.text)
    _printf_ll_hex                           0x080004cf   Thumb Code    12  _printf_hex_int_ll_ptr.o(.text)
    _printf_hex_ptr                          0x080004db   Thumb Code    18  _printf_hex_int_ll_ptr.o(.text)
    __printf                                 0x080004f1   Thumb Code   388  __printf_flags_ss_wp.o(.text)
    atoi                                     0x08000679   Thumb Code    26  atoi.o(.text)
    strlen                                   0x08000693   Thumb Code    62  strlen.o(.text)
    __aeabi_memcpy                           0x080006d1   Thumb Code     0  rt_memcpy_v6.o(.text)
    __rt_memcpy                              0x080006d1   Thumb Code   138  rt_memcpy_v6.o(.text)
    _memcpy_lastbytes                        0x08000737   Thumb Code     0  rt_memcpy_v6.o(.text)
    __aeabi_memcpy4                          0x0800075b   Thumb Code     0  rt_memcpy_w.o(.text)
    __aeabi_memcpy8                          0x0800075b   Thumb Code     0  rt_memcpy_w.o(.text)
    __rt_memcpy_w                            0x0800075b   Thumb Code   100  rt_memcpy_w.o(.text)
    _memcpy_lastbytes_aligned                0x080007a3   Thumb Code     0  rt_memcpy_w.o(.text)
    __aeabi_memclr4                          0x080007bf   Thumb Code     0  rt_memclr_w.o(.text)
    __aeabi_memclr8                          0x080007bf   Thumb Code     0  rt_memclr_w.o(.text)
    __rt_memclr_w                            0x080007bf   Thumb Code    78  rt_memclr_w.o(.text)
    _memset_w                                0x080007c3   Thumb Code     0  rt_memclr_w.o(.text)
    __use_two_region_memory                  0x0800080d   Thumb Code     2  heapauxi.o(.text)
    __rt_heap_escrow$2region                 0x0800080f   Thumb Code     2  heapauxi.o(.text)
    __rt_heap_expand$2region                 0x08000811   Thumb Code     2  heapauxi.o(.text)
    __I$use$semihosting                      0x08000813   Thumb Code     0  use_no_semi.o(.text)
    __use_no_semihosting_swi                 0x08000813   Thumb Code     2  use_no_semi.o(.text)
    __aeabi_errno_addr                       0x08000815   Thumb Code     8  rt_errno_addr_intlibspace.o(.text)
    __errno$intlibspace                      0x08000815   Thumb Code     0  rt_errno_addr_intlibspace.o(.text)
    __rt_errno_addr$intlibspace              0x08000815   Thumb Code     0  rt_errno_addr_intlibspace.o(.text)
    __read_errno                             0x0800081d   Thumb Code    10  _rserrno.o(.text)
    __set_errno                              0x08000827   Thumb Code    12  _rserrno.o(.text)
    _printf_pre_padding                      0x08000833   Thumb Code    44  _printf_pad.o(.text)
    _printf_post_padding                     0x0800085f   Thumb Code    34  _printf_pad.o(.text)
    _printf_truncate_signed                  0x08000881   Thumb Code    18  _printf_truncate.o(.text)
    _printf_truncate_unsigned                0x08000893   Thumb Code    18  _printf_truncate.o(.text)
    _printf_int_common                       0x080008a5   Thumb Code   178  _printf_intcommon.o(.text)
    _printf_charcount                        0x08000957   Thumb Code    40  _printf_charcount.o(.text)
    _printf_char_common                      0x0800098b   Thumb Code    32  _printf_char_common.o(.text)
    _sputc                                   0x080009b1   Thumb Code    10  _sputc.o(.text)
    _snputc                                  0x080009bb   Thumb Code    16  _snputc.o(.text)
    _printf_cs_common                        0x080009cb   Thumb Code    20  _printf_char.o(.text)
    _printf_char                             0x080009df   Thumb Code    16  _printf_char.o(.text)
    _printf_string                           0x080009ef   Thumb Code     8  _printf_char.o(.text)
    _printf_char_file                        0x080009f9   Thumb Code    32  _printf_char_file.o(.text)
    _printf_wctomb                           0x08000a1d   Thumb Code   182  _printf_wctomb.o(.text)
    _printf_longlong_dec                     0x08000ad9   Thumb Code   108  _printf_longlong_dec.o(.text)
    _printf_longlong_oct                     0x08000b55   Thumb Code    66  _printf_oct_int_ll.o(.text)
    _printf_int_oct                          0x08000b97   Thumb Code    24  _printf_oct_int_ll.o(.text)
    _printf_ll_oct                           0x08000baf   Thumb Code    12  _printf_oct_int_ll.o(.text)
    strtol                                   0x08000bc5   Thumb Code   112  strtol.o(.text)
    __user_libspace                          0x08000c35   Thumb Code     8  libspace.o(.text)
    __user_perproc_libspace                  0x08000c35   Thumb Code     0  libspace.o(.text)
    __user_perthread_libspace                0x08000c35   Thumb Code     0  libspace.o(.text)
    __rt_ctype_table                         0x08000c3d   Thumb Code    16  rt_ctype_table.o(.text)
    _ll_udiv10                               0x08000c4d   Thumb Code   138  lludiv10.o(.text)
    __lib_sel_fp_printf                      0x08000cd7   Thumb Code     2  _printf_fp_dec.o(.text)
    _printf_fp_dec_real                      0x08000e89   Thumb Code   620  _printf_fp_dec.o(.text)
    _printf_fp_hex_real                      0x080010f5   Thumb Code   756  _printf_fp_hex.o(.text)
    _printf_lcs_common                       0x080013f1   Thumb Code    20  _printf_wchar.o(.text)
    _printf_wchar                            0x08001405   Thumb Code    16  _printf_wchar.o(.text)
    _printf_wstring                          0x08001415   Thumb Code     8  _printf_wchar.o(.text)
    _strtoul                                 0x0800141d   Thumb Code   158  _strtoul.o(.text)
    ferror                                   0x080014bb   Thumb Code     8  ferror.o(.text)
    _wcrtomb                                 0x080014c3   Thumb Code    64  _wcrtomb.o(.text)
    __user_setup_stackheap                   0x08001503   Thumb Code    74  sys_stackheap_outer.o(.text)
    __rt_locale                              0x0800154d   Thumb Code     8  rt_locale_intlibspace.o(.text)
    _printf_fp_infnan                        0x08001555   Thumb Code   112  _printf_fp_infnan.o(.text)
    _chval                                   0x080015d5   Thumb Code    28  _chval.o(.text)
    _btod_etento                             0x080015f1   Thumb Code   224  bigflt0.o(.text)
    exit                                     0x080016d5   Thumb Code    18  exit.o(.text)
    strcmp                                   0x080016e9   Thumb Code   128  strcmpv7m.o(.text)
    _btod_d2e                                0x08001769   Thumb Code    62  btod.o(CL$$btod_d2e)
    _d2e_denorm_low                          0x080017a7   Thumb Code    70  btod.o(CL$$btod_d2e_denorm_low)
    _d2e_norm_op1                            0x080017ed   Thumb Code    96  btod.o(CL$$btod_d2e_norm_op1)
    __btod_div_common                        0x0800184d   Thumb Code   696  btod.o(CL$$btod_div_common)
    _e2e                                     0x08001b85   Thumb Code   220  btod.o(CL$$btod_e2e)
    _btod_ediv                               0x08001c61   Thumb Code    42  btod.o(CL$$btod_ediv)
    _btod_emul                               0x08001c8b   Thumb Code    42  btod.o(CL$$btod_emul)
    __btod_mult_common                       0x08001cb5   Thumb Code   580  btod.o(CL$$btod_mult_common)
    BusFault_Handler                         0x08001ef9   Thumb Code     4  stm32f4xx_it.o(i.BusFault_Handler)
    CS_PWM_SetCompare                        0x08001efd   Thumb Code    14  claw_servo.o(i.CS_PWM_SetCompare)
    Calulate_Step                            0x08001f11   Thumb Code    52  calculate.o(i.Calulate_Step)
    Calulate_WristAngle                      0x08001f4d   Thumb Code   148  calculate.o(i.Calulate_WristAngle)
    DebugMon_Handler                         0x08002009   Thumb Code     2  stm32f4xx_it.o(i.DebugMon_Handler)
    Door_Servo                               0x0800200d   Thumb Code    24  bus_servo.o(i.Door_Servo)
    GPIO_Init                                0x08002045   Thumb Code   144  stm32f4xx_gpio.o(i.GPIO_Init)
    GPIO_PinAFConfig                         0x080020d5   Thumb Code    70  stm32f4xx_gpio.o(i.GPIO_PinAFConfig)
    GPIO_ReadInputDataBit                    0x0800211b   Thumb Code    18  stm32f4xx_gpio.o(i.GPIO_ReadInputDataBit)
    GPIO_ResetBits                           0x0800212d   Thumb Code     6  stm32f4xx_gpio.o(i.GPIO_ResetBits)
    GPIO_SetBits                             0x08002133   Thumb Code     4  stm32f4xx_gpio.o(i.GPIO_SetBits)
    Gimbal_Servo                             0x08002139   Thumb Code    58  bus_servo.o(i.Gimbal_Servo)
    HardFault_Handler                        0x080021b5   Thumb Code     4  stm32f4xx_it.o(i.HardFault_Handler)
    Led_Init                                 0x080021b9   Thumb Code    84  bsp_led.o(i.Led_Init)
    LinearActuator_Init                      0x08002215   Thumb Code    54  linear_actuator.o(i.LinearActuator_Init)
    LinearAcuator_Stop                       0x08002251   Thumb Code    44  linear_actuator.o(i.LinearAcuator_Stop)
    MOTOR_Move                               0x08002281   Thumb Code  1534  motor_control.o(i.MOTOR_Move)
    MemManage_Handler                        0x08002891   Thumb Code     4  stm32f4xx_it.o(i.MemManage_Handler)
    Motor_DIS                                0x08002895   Thumb Code    12  motor.o(i.Motor_DIS)
    Motor_EN                                 0x080028a5   Thumb Code    12  motor.o(i.Motor_EN)
    Motor_GPIO_Init                          0x080028b5   Thumb Code   132  motor.o(i.Motor_GPIO_Init)
    Motor_Init                               0x08002941   Thumb Code    28  motor.o(i.Motor_Init)
    Motor_TIM_Init                           0x0800295d   Thumb Code   266  motor.o(i.Motor_TIM_Init)
    NMI_Handler                              0x08002a71   Thumb Code     2  stm32f4xx_it.o(i.NMI_Handler)
    NVIC_Init                                0x08002a75   Thumb Code   106  misc.o(i.NVIC_Init)
    NVIC_PriorityGroupConfig                 0x08002aed   Thumb Code    10  misc.o(i.NVIC_PriorityGroupConfig)
    PendSV_Handler                           0x08002b01   Thumb Code     2  stm32f4xx_it.o(i.PendSV_Handler)
    RCC_AHB1PeriphClockCmd                   0x08002b05   Thumb Code    26  stm32f4xx_rcc.o(i.RCC_AHB1PeriphClockCmd)
    RCC_APB1PeriphClockCmd                   0x08002b25   Thumb Code    26  stm32f4xx_rcc.o(i.RCC_APB1PeriphClockCmd)
    SVC_Handler                              0x08002b45   Thumb Code     2  stm32f4xx_it.o(i.SVC_Handler)
    String2int                               0x08002c35   Thumb Code   216  calculate.o(i.String2int)
    SwitchStatus                             0x08002d15   Thumb Code    82  switch.o(i.SwitchStatus)
    SysTick_Handler                          0x08002d6d   Thumb Code     2  stm32f4xx_it.o(i.SysTick_Handler)
    SystemCoreClockUpdate                    0x08002d71   Thumb Code   170  system_stm32f4xx.o(i.SystemCoreClockUpdate)
    SystemInit                               0x08002e31   Thumb Code    88  system_stm32f4xx.o(i.SystemInit)
    TIM4_IRQHandler                          0x08002e99   Thumb Code     8  motor_control.o(i.TIM4_IRQHandler)
    TIM_CCxCmd                               0x08002ea1   Thumb Code    30  stm32f4xx_tim.o(i.TIM_CCxCmd)
    TIM_ClearFlag                            0x08002ebf   Thumb Code     6  stm32f4xx_tim.o(i.TIM_ClearFlag)
    TIM_ClearITPendingBit                    0x08002ec5   Thumb Code     6  stm32f4xx_tim.o(i.TIM_ClearITPendingBit)
    TIM_Cmd                                  0x08002ecb   Thumb Code    24  stm32f4xx_tim.o(i.TIM_Cmd)
    TIM_GetCapture1                          0x08002ee3   Thumb Code     6  stm32f4xx_tim.o(i.TIM_GetCapture1)
    TIM_GetCapture2                          0x08002ee9   Thumb Code     6  stm32f4xx_tim.o(i.TIM_GetCapture2)
    TIM_GetCapture3                          0x08002eef   Thumb Code     6  stm32f4xx_tim.o(i.TIM_GetCapture3)
    TIM_GetITStatus                          0x08002ef5   Thumb Code    34  stm32f4xx_tim.o(i.TIM_GetITStatus)
    TIM_ITConfig                             0x08002f17   Thumb Code    18  stm32f4xx_tim.o(i.TIM_ITConfig)
    TIM_OC1Init                              0x08002f29   Thumb Code   114  stm32f4xx_tim.o(i.TIM_OC1Init)
    TIM_OC1PreloadConfig                     0x08002fa5   Thumb Code    18  stm32f4xx_tim.o(i.TIM_OC1PreloadConfig)
    TIM_OC2Init                              0x08002fb9   Thumb Code   154  stm32f4xx_tim.o(i.TIM_OC2Init)
    TIM_OC2PreloadConfig                     0x0800305d   Thumb Code    26  stm32f4xx_tim.o(i.TIM_OC2PreloadConfig)
    TIM_OC3Init                              0x08003079   Thumb Code   150  stm32f4xx_tim.o(i.TIM_OC3Init)
    TIM_OC3PreloadConfig                     0x08003119   Thumb Code    18  stm32f4xx_tim.o(i.TIM_OC3PreloadConfig)
    TIM_OCStructInit                         0x0800312b   Thumb Code    20  stm32f4xx_tim.o(i.TIM_OCStructInit)
    TIM_SetCompare1                          0x0800313f   Thumb Code     4  stm32f4xx_tim.o(i.TIM_SetCompare1)
    TIM_SetCompare2                          0x08003143   Thumb Code     4  stm32f4xx_tim.o(i.TIM_SetCompare2)
    TIM_SetCompare3                          0x08003147   Thumb Code     4  stm32f4xx_tim.o(i.TIM_SetCompare3)
    TIM_SetCompare4                          0x0800314b   Thumb Code     4  stm32f4xx_tim.o(i.TIM_SetCompare4)
    TIM_SetCounter                           0x0800314f   Thumb Code     4  stm32f4xx_tim.o(i.TIM_SetCounter)
    TIM_TimeBaseInit                         0x08003155   Thumb Code   104  stm32f4xx_tim.o(i.TIM_TimeBaseInit)
    UART1_ClearRx                            0x080031d9   Thumb Code     8  bsp_uart.o(i.UART1_ClearRx)
    UART1_GetRxData                          0x080031e5   Thumb Code     6  bsp_uart.o(i.UART1_GetRxData)
    UART1_GetRxNum                           0x080031f1   Thumb Code     6  bsp_uart.o(i.UART1_GetRxNum)
    UART1_Init                               0x080031fd   Thumb Code   400  bsp_uart.o(i.UART1_Init)
    UART1_SendData                           0x08003411   Thumb Code    76  bsp_uart.o(i.UART1_SendData)
    UART3_Init                               0x08003465   Thumb Code   390  bsp_uart.o(i.UART3_Init)
    UART3_SendData                           0x0800360d   Thumb Code    76  bsp_uart.o(i.UART3_SendData)
    UART3_SendString                         0x08003661   Thumb Code    66  bsp_uart.o(i.UART3_SendString)
    UART4_ClearRx                            0x080036a5   Thumb Code     8  bsp_uart.o(i.UART4_ClearRx)
    UART4_GetRxData                          0x080036b1   Thumb Code     6  bsp_uart.o(i.UART4_GetRxData)
    UART4_GetRxNum                           0x080036bd   Thumb Code     6  bsp_uart.o(i.UART4_GetRxNum)
    UART4_IRQHandler                         0x080036c9   Thumb Code   222  bsp_uart.o(i.UART4_IRQHandler)
    UART4_Init                               0x080037e5   Thumb Code   390  bsp_uart.o(i.UART4_Init)
    UART4_SendData                           0x0800398d   Thumb Code    76  bsp_uart.o(i.UART4_SendData)
    UART5_IRQHandler                         0x080039e1   Thumb Code   208  bsp_uart.o(i.UART5_IRQHandler)
    USART1_IRQHandler                        0x08003aed   Thumb Code   208  bsp_uart.o(i.USART1_IRQHandler)
    USART2_IRQHandler                        0x08003bf9   Thumb Code   222  bsp_uart.o(i.USART2_IRQHandler)
    USART3_IRQHandler                        0x08003d15   Thumb Code   222  bsp_uart.o(i.USART3_IRQHandler)
    USART6_IRQHandler                        0x08003e31   Thumb Code   222  bsp_uart.o(i.USART6_IRQHandler)
    UsageFault_Handler                       0x08003f4d   Thumb Code     4  stm32f4xx_it.o(i.UsageFault_Handler)
    Wrist_ServoMove                          0x08003f51   Thumb Code    40  bus_servo.o(i.Wrist_ServoMove)
    __ARM_fpclassify                         0x08003f8d   Thumb Code    48  fpclassify.o(i.__ARM_fpclassify)
    __hardfp_sqrt                            0x08003fbd   Thumb Code   122  sqrt.o(i.__hardfp_sqrt)
    _is_digit                                0x08004037   Thumb Code    14  __printf_wp.o(i._is_digit)
    _sys_exit                                0x08004045   Thumb Code     4  bsp_uart.o(i._sys_exit)
    claw_servo_Init                          0x08004049   Thumb Code    16  claw_servo.o(i.claw_servo_Init)
    claw_servo_gpio_Init                     0x0800405d   Thumb Code   188  claw_servo.o(i.claw_servo_gpio_Init)
    claw_servo_home                          0x08004125   Thumb Code    12  claw_servo.o(i.claw_servo_home)
    claw_servo_setAngle                      0x08004135   Thumb Code    72  claw_servo.o(i.claw_servo_setAngle)
    delay_init                               0x0800418d   Thumb Code    46  delay.o(i.delay_init)
    delay_ms                                 0x080041c5   Thumb Code    56  delay.o(i.delay_ms)
    delay_xms                                0x080041fd   Thumb Code    56  delay.o(i.delay_xms)
    fputc                                    0x08004239   Thumb Code    16  bsp_uart.o(i.fputc)
    main                                     0x08004249   Thumb Code   914  main.o(i.main)
    speed_decision                           0x08004619   Thumb Code  1448  motor_control.o(i.speed_decision)
    uart_debugfunction                       0x08004bd9   Thumb Code   156  uart_debug.o(i.uart_debugfunction)
    _get_lc_ctype                            0x08004d01   Thumb Code    44  lc_ctype_c.o(locale$$code)
    _get_lc_numeric                          0x08004d2d   Thumb Code    44  lc_numeric_c.o(locale$$code)
    __aeabi_d2f                              0x08004d59   Thumb Code     0  d2f.o(x$fpl$d2f)
    _d2f                                     0x08004d59   Thumb Code    98  d2f.o(x$fpl$d2f)
    __aeabi_dadd                             0x08004dbd   Thumb Code     0  daddsub_clz.o(x$fpl$dadd)
    _dadd                                    0x08004dbd   Thumb Code   332  daddsub_clz.o(x$fpl$dadd)
    __fpl_dcmp_Inf                           0x08004f0d   Thumb Code    24  dcmpi.o(x$fpl$dcmpinf)
    __aeabi_ddiv                             0x08004f25   Thumb Code     0  ddiv.o(x$fpl$ddiv)
    _ddiv                                    0x08004f25   Thumb Code   552  ddiv.o(x$fpl$ddiv)
    __aeabi_d2iz                             0x080051d5   Thumb Code     0  dfix.o(x$fpl$dfix)
    _dfix                                    0x080051d5   Thumb Code    94  dfix.o(x$fpl$dfix)
    __aeabi_i2d                              0x08005233   Thumb Code     0  dflt_clz.o(x$fpl$dflt)
    _dflt                                    0x08005233   Thumb Code    46  dflt_clz.o(x$fpl$dflt)
    __aeabi_ui2d                             0x08005261   Thumb Code     0  dflt_clz.o(x$fpl$dfltu)
    _dfltu                                   0x08005261   Thumb Code    38  dflt_clz.o(x$fpl$dfltu)
    __aeabi_cdcmple                          0x08005289   Thumb Code     0  dleqf.o(x$fpl$dleqf)
    _dcmple                                  0x08005289   Thumb Code   120  dleqf.o(x$fpl$dleqf)
    __fpl_dcmple_InfNaN                      0x080052eb   Thumb Code     0  dleqf.o(x$fpl$dleqf)
    __aeabi_dmul                             0x08005301   Thumb Code     0  dmul.o(x$fpl$dmul)
    _dmul                                    0x08005301   Thumb Code   332  dmul.o(x$fpl$dmul)
    __fpl_dnaninf                            0x08005455   Thumb Code   156  dnaninf.o(x$fpl$dnaninf)
    __fpl_dretinf                            0x080054f1   Thumb Code    12  dretinf.o(x$fpl$dretinf)
    __aeabi_cdrcmple                         0x080054fd   Thumb Code     0  drleqf.o(x$fpl$drleqf)
    _drcmple                                 0x080054fd   Thumb Code   108  drleqf.o(x$fpl$drleqf)
    __aeabi_drsub                            0x08005569   Thumb Code     0  daddsub_clz.o(x$fpl$drsb)
    _drsb                                    0x08005569   Thumb Code    22  daddsub_clz.o(x$fpl$drsb)
    _dsqrt                                   0x08005581   Thumb Code   404  dsqrt_umaal.o(x$fpl$dsqrt)
    __aeabi_dsub                             0x08005719   Thumb Code     0  daddsub_clz.o(x$fpl$dsub)
    _dsub                                    0x08005719   Thumb Code   464  daddsub_clz.o(x$fpl$dsub)
    __aeabi_f2d                              0x080058ed   Thumb Code     0  f2d.o(x$fpl$f2d)
    _f2d                                     0x080058ed   Thumb Code    86  f2d.o(x$fpl$f2d)
    __fpl_fnaninf                            0x08005943   Thumb Code   140  fnaninf.o(x$fpl$fnaninf)
    _fp_init                                 0x080059cf   Thumb Code    10  fpinit.o(x$fpl$fpinit)
    __fplib_config_fpu_vfp                   0x080059d7   Thumb Code     0  fpinit.o(x$fpl$fpinit)
    __fplib_config_pureend_doubles           0x080059d7   Thumb Code     0  fpinit.o(x$fpl$fpinit)
    __fpl_fretinf                            0x080059d9   Thumb Code    10  fretinf.o(x$fpl$fretinf)
    _printf_fp_dec                           0x080059e3   Thumb Code     4  printf1.o(x$fpl$printf1)
    _printf_fp_hex                           0x080059e7   Thumb Code     4  printf2.o(x$fpl$printf2)
    __I$use$fp                               0x080059ea   Number         0  usenofp.o(x$fpl$usenofp)
    Region$$Table$$Base                      0x08005c48   Number         0  anon$$obj.o(Region$$Table)
    Region$$Table$$Limit                     0x08005c68   Number         0  anon$$obj.o(Region$$Table)
    __ctype                                  0x08005c75   Data           0  lc_ctype_c.o(locale$$data)
    XbackStatus                              0x20000000   Data           1  main.o(.data)
    Xmin                                     0x20000001   Data           1  main.o(.data)
    SystemStatus                             0x20000002   Data           1  main.o(.data)
    Type                                     0x20000003   Data           1  main.o(.data)
    wristAngle                               0x20000004   Data           4  main.o(.data)
    clawAngle                                0x20000008   Data           4  main.o(.data)
    clawpower                                0x2000000c   Data           1  main.o(.data)
    DoorStatus                               0x2000000d   Data           1  main.o(.data)
    switchstatus                             0x2000000e   Data           1  main.o(.data)
    countNum                                 0x20000010   Data           4  main.o(.data)
    TIM6flag                                 0x20000014   Data           1  main.o(.data)
    __stdout                                 0x20000018   Data           4  bsp_uart.o(.data)
    motor_sta                                0x2000002c   Data           3  motor_control.o(.data)
    SystemCoreClock                          0x2000003c   Data           4  system_stm32f4xx.o(.data)
    AHBPrescTable                            0x20000040   Data          16  system_stm32f4xx.o(.data)
    srdx                                     0x20002ab0   Data          24  motor_control.o(.bss)
    srdy                                     0x20002ac8   Data          24  motor_control.o(.bss)
    srdz                                     0x20002ae0   Data          24  motor_control.o(.bss)
    __libspace_start                         0x20002b10   Data          96  libspace.o(.bss)
    __temporary_stack_top$libspace           0x20002b70   Data           0  libspace.o(.bss)



==============================================================================

Memory Map of the image

  Image Entry point : 0x08000189

  Load Region LR_IROM1 (Base: 0x08000000, Size: 0x00005de4, Max: 0x00080000, ABSOLUTE)

    Execution Region ER_IROM1 (Exec base: 0x08000000, Load base: 0x08000000, Size: 0x00005d94, Max: 0x00080000, ABSOLUTE)

    Exec Addr    Load Addr    Size         Type   Attr      Idx    E Section Name        Object

    0x08000000   0x08000000   0x00000188   Data   RO          154    RESET               startup_stm32f40xx.o
    0x08000188   0x08000188   0x00000008   Code   RO         1043  * !!!main             c_w.l(__main.o)
    0x08000190   0x08000190   0x00000034   Code   RO         1277    !!!scatter          c_w.l(__scatter.o)
    0x080001c4   0x080001c4   0x0000001a   Code   RO         1278    !!handler_copy      c_w.l(__scatter_copy.o)
    0x080001de   0x080001de   0x00000002   PAD
    0x080001e0   0x080001e0   0x0000001c   Code   RO         1279    !!handler_zi        c_w.l(__scatter_zi.o)
    0x080001fc   0x080001fc   0x00000000   Code   RO         1035    .ARM.Collect$$_printf_percent$$00000000  c_w.l(_printf_percent.o)
    0x080001fc   0x080001fc   0x00000006   Code   RO         1086    .ARM.Collect$$_printf_percent$$00000001  c_w.l(_printf_n.o)
    0x08000202   0x08000202   0x00000006   Code   RO         1087    .ARM.Collect$$_printf_percent$$00000002  c_w.l(_printf_p.o)
    0x08000208   0x08000208   0x00000006   Code   RO         1091    .ARM.Collect$$_printf_percent$$00000003  c_w.l(_printf_f.o)
    0x0800020e   0x0800020e   0x00000006   Code   RO         1092    .ARM.Collect$$_printf_percent$$00000004  c_w.l(_printf_e.o)
    0x08000214   0x08000214   0x00000006   Code   RO         1093    .ARM.Collect$$_printf_percent$$00000005  c_w.l(_printf_g.o)
    0x0800021a   0x0800021a   0x00000006   Code   RO         1094    .ARM.Collect$$_printf_percent$$00000006  c_w.l(_printf_a.o)
    0x08000220   0x08000220   0x0000000a   Code   RO         1099    .ARM.Collect$$_printf_percent$$00000007  c_w.l(_printf_ll.o)
    0x0800022a   0x0800022a   0x00000006   Code   RO         1089    .ARM.Collect$$_printf_percent$$00000008  c_w.l(_printf_i.o)
    0x08000230   0x08000230   0x00000006   Code   RO         1034    .ARM.Collect$$_printf_percent$$00000009  c_w.l(_printf_d.o)
    0x08000236   0x08000236   0x00000006   Code   RO         1090    .ARM.Collect$$_printf_percent$$0000000A  c_w.l(_printf_u.o)
    0x0800023c   0x0800023c   0x00000006   Code   RO         1088    .ARM.Collect$$_printf_percent$$0000000B  c_w.l(_printf_o.o)
    0x08000242   0x08000242   0x00000006   Code   RO         1033    .ARM.Collect$$_printf_percent$$0000000C  c_w.l(_printf_x.o)
    0x08000248   0x08000248   0x00000006   Code   RO         1096    .ARM.Collect$$_printf_percent$$0000000D  c_w.l(_printf_lli.o)
    0x0800024e   0x0800024e   0x00000006   Code   RO         1097    .ARM.Collect$$_printf_percent$$0000000E  c_w.l(_printf_lld.o)
    0x08000254   0x08000254   0x00000006   Code   RO         1098    .ARM.Collect$$_printf_percent$$0000000F  c_w.l(_printf_llu.o)
    0x0800025a   0x0800025a   0x00000006   Code   RO         1103    .ARM.Collect$$_printf_percent$$00000010  c_w.l(_printf_llo.o)
    0x08000260   0x08000260   0x00000006   Code   RO         1104    .ARM.Collect$$_printf_percent$$00000011  c_w.l(_printf_llx.o)
    0x08000266   0x08000266   0x0000000a   Code   RO         1100    .ARM.Collect$$_printf_percent$$00000012  c_w.l(_printf_l.o)
    0x08000270   0x08000270   0x00000006   Code   RO         1085    .ARM.Collect$$_printf_percent$$00000013  c_w.l(_printf_c.o)
    0x08000276   0x08000276   0x00000006   Code   RO         1032    .ARM.Collect$$_printf_percent$$00000014  c_w.l(_printf_s.o)
    0x0800027c   0x0800027c   0x00000006   Code   RO         1101    .ARM.Collect$$_printf_percent$$00000015  c_w.l(_printf_lc.o)
    0x08000282   0x08000282   0x00000006   Code   RO         1102    .ARM.Collect$$_printf_percent$$00000016  c_w.l(_printf_ls.o)
    0x08000288   0x08000288   0x00000004   Code   RO         1095    .ARM.Collect$$_printf_percent$$00000017  c_w.l(_printf_percent_end.o)
    0x0800028c   0x0800028c   0x00000002   Code   RO         1173    .ARM.Collect$$libinit$$00000000  c_w.l(libinit.o)
    0x0800028e   0x0800028e   0x00000004   Code   RO         1179    .ARM.Collect$$libinit$$00000001  c_w.l(libinit2.o)
    0x08000292   0x08000292   0x00000000   Code   RO         1182    .ARM.Collect$$libinit$$00000004  c_w.l(libinit2.o)
    0x08000292   0x08000292   0x00000000   Code   RO         1185    .ARM.Collect$$libinit$$0000000A  c_w.l(libinit2.o)
    0x08000292   0x08000292   0x00000000   Code   RO         1187    .ARM.Collect$$libinit$$0000000C  c_w.l(libinit2.o)
    0x08000292   0x08000292   0x00000000   Code   RO         1189    .ARM.Collect$$libinit$$0000000E  c_w.l(libinit2.o)
    0x08000292   0x08000292   0x00000006   Code   RO         1190    .ARM.Collect$$libinit$$0000000F  c_w.l(libinit2.o)
    0x08000298   0x08000298   0x00000000   Code   RO         1192    .ARM.Collect$$libinit$$00000011  c_w.l(libinit2.o)
    0x08000298   0x08000298   0x0000000c   Code   RO         1193    .ARM.Collect$$libinit$$00000012  c_w.l(libinit2.o)
    0x080002a4   0x080002a4   0x00000000   Code   RO         1194    .ARM.Collect$$libinit$$00000013  c_w.l(libinit2.o)
    0x080002a4   0x080002a4   0x00000000   Code   RO         1196    .ARM.Collect$$libinit$$00000015  c_w.l(libinit2.o)
    0x080002a4   0x080002a4   0x0000000a   Code   RO         1197    .ARM.Collect$$libinit$$00000016  c_w.l(libinit2.o)
    0x080002ae   0x080002ae   0x00000000   Code   RO         1198    .ARM.Collect$$libinit$$00000017  c_w.l(libinit2.o)
    0x080002ae   0x080002ae   0x00000000   Code   RO         1200    .ARM.Collect$$libinit$$00000019  c_w.l(libinit2.o)
    0x080002ae   0x080002ae   0x00000000   Code   RO         1202    .ARM.Collect$$libinit$$0000001B  c_w.l(libinit2.o)
    0x080002ae   0x080002ae   0x00000000   Code   RO         1204    .ARM.Collect$$libinit$$0000001D  c_w.l(libinit2.o)
    0x080002ae   0x080002ae   0x00000000   Code   RO         1206    .ARM.Collect$$libinit$$0000001F  c_w.l(libinit2.o)
    0x080002ae   0x080002ae   0x00000000   Code   RO         1208    .ARM.Collect$$libinit$$00000021  c_w.l(libinit2.o)
    0x080002ae   0x080002ae   0x00000000   Code   RO         1210    .ARM.Collect$$libinit$$00000023  c_w.l(libinit2.o)
    0x080002ae   0x080002ae   0x00000000   Code   RO         1212    .ARM.Collect$$libinit$$00000025  c_w.l(libinit2.o)
    0x080002ae   0x080002ae   0x00000000   Code   RO         1216    .ARM.Collect$$libinit$$0000002C  c_w.l(libinit2.o)
    0x080002ae   0x080002ae   0x00000000   Code   RO         1218    .ARM.Collect$$libinit$$0000002E  c_w.l(libinit2.o)
    0x080002ae   0x080002ae   0x00000000   Code   RO         1220    .ARM.Collect$$libinit$$00000030  c_w.l(libinit2.o)
    0x080002ae   0x080002ae   0x00000000   Code   RO         1222    .ARM.Collect$$libinit$$00000032  c_w.l(libinit2.o)
    0x080002ae   0x080002ae   0x00000002   Code   RO         1223    .ARM.Collect$$libinit$$00000033  c_w.l(libinit2.o)
    0x080002b0   0x080002b0   0x00000002   Code   RO         1236    .ARM.Collect$$libshutdown$$00000000  c_w.l(libshutdown.o)
    0x080002b2   0x080002b2   0x00000000   Code   RO         1242    .ARM.Collect$$libshutdown$$00000002  c_w.l(libshutdown2.o)
    0x080002b2   0x080002b2   0x00000000   Code   RO         1244    .ARM.Collect$$libshutdown$$00000004  c_w.l(libshutdown2.o)
    0x080002b2   0x080002b2   0x00000000   Code   RO         1246    .ARM.Collect$$libshutdown$$00000006  c_w.l(libshutdown2.o)
    0x080002b2   0x080002b2   0x00000000   Code   RO         1249    .ARM.Collect$$libshutdown$$00000009  c_w.l(libshutdown2.o)
    0x080002b2   0x080002b2   0x00000000   Code   RO         1252    .ARM.Collect$$libshutdown$$0000000C  c_w.l(libshutdown2.o)
    0x080002b2   0x080002b2   0x00000000   Code   RO         1254    .ARM.Collect$$libshutdown$$0000000E  c_w.l(libshutdown2.o)
    0x080002b2   0x080002b2   0x00000000   Code   RO         1257    .ARM.Collect$$libshutdown$$00000011  c_w.l(libshutdown2.o)
    0x080002b2   0x080002b2   0x00000002   Code   RO         1258    .ARM.Collect$$libshutdown$$00000012  c_w.l(libshutdown2.o)
    0x080002b4   0x080002b4   0x00000000   Code   RO         1065    .ARM.Collect$$rtentry$$00000000  c_w.l(__rtentry.o)
    0x080002b4   0x080002b4   0x00000000   Code   RO         1120    .ARM.Collect$$rtentry$$00000002  c_w.l(__rtentry2.o)
    0x080002b4   0x080002b4   0x00000006   Code   RO         1132    .ARM.Collect$$rtentry$$00000004  c_w.l(__rtentry4.o)
    0x080002ba   0x080002ba   0x00000000   Code   RO         1122    .ARM.Collect$$rtentry$$00000009  c_w.l(__rtentry2.o)
    0x080002ba   0x080002ba   0x00000004   Code   RO         1123    .ARM.Collect$$rtentry$$0000000A  c_w.l(__rtentry2.o)
    0x080002be   0x080002be   0x00000000   Code   RO         1125    .ARM.Collect$$rtentry$$0000000C  c_w.l(__rtentry2.o)
    0x080002be   0x080002be   0x00000008   Code   RO         1126    .ARM.Collect$$rtentry$$0000000D  c_w.l(__rtentry2.o)
    0x080002c6   0x080002c6   0x00000002   Code   RO         1176    .ARM.Collect$$rtexit$$00000000  c_w.l(rtexit.o)
    0x080002c8   0x080002c8   0x00000000   Code   RO         1225    .ARM.Collect$$rtexit$$00000002  c_w.l(rtexit2.o)
    0x080002c8   0x080002c8   0x00000004   Code   RO         1226    .ARM.Collect$$rtexit$$00000003  c_w.l(rtexit2.o)
    0x080002cc   0x080002cc   0x00000006   Code   RO         1227    .ARM.Collect$$rtexit$$00000004  c_w.l(rtexit2.o)
    0x080002d2   0x080002d2   0x00000002   PAD
    0x080002d4   0x080002d4   0x00000040   Code   RO          155    .text               startup_stm32f40xx.o
    0x08000314   0x08000314   0x00000002   Code   RO          996    .text               c_w.l(use_no_semi_2.o)
    0x08000316   0x08000316   0x00000002   PAD
    0x08000318   0x08000318   0x00000034   Code   RO          997    .text               c_w.l(vsnprintf.o)
    0x0800034c   0x0800034c   0x00000018   Code   RO          998    .text               c_w.l(__2printf.o)
    0x08000364   0x08000364   0x0000002c   Code   RO          999    .text               c_w.l(__2sprintf.o)
    0x08000390   0x08000390   0x00000052   Code   RO         1003    .text               c_w.l(_printf_str.o)
    0x080003e2   0x080003e2   0x00000002   PAD
    0x080003e4   0x080003e4   0x00000078   Code   RO         1004    .text               c_w.l(_printf_dec.o)
    0x0800045c   0x0800045c   0x00000094   Code   RO         1017    .text               c_w.l(_printf_hex_int_ll_ptr.o)
    0x080004f0   0x080004f0   0x00000188   Code   RO         1030    .text               c_w.l(__printf_flags_ss_wp.o)
    0x08000678   0x08000678   0x0000001a   Code   RO         1036    .text               c_w.l(atoi.o)
    0x08000692   0x08000692   0x0000003e   Code   RO         1038    .text               c_w.l(strlen.o)
    0x080006d0   0x080006d0   0x0000008a   Code   RO         1039    .text               c_w.l(rt_memcpy_v6.o)
    0x0800075a   0x0800075a   0x00000064   Code   RO         1040    .text               c_w.l(rt_memcpy_w.o)
    0x080007be   0x080007be   0x0000004e   Code   RO         1041    .text               c_w.l(rt_memclr_w.o)
    0x0800080c   0x0800080c   0x00000006   Code   RO         1042    .text               c_w.l(heapauxi.o)
    0x08000812   0x08000812   0x00000002   Code   RO         1064    .text               c_w.l(use_no_semi.o)
    0x08000814   0x08000814   0x00000008   Code   RO         1068    .text               c_w.l(rt_errno_addr_intlibspace.o)
    0x0800081c   0x0800081c   0x00000016   Code   RO         1069    .text               c_w.l(_rserrno.o)
    0x08000832   0x08000832   0x0000004e   Code   RO         1070    .text               c_w.l(_printf_pad.o)
    0x08000880   0x08000880   0x00000024   Code   RO         1071    .text               c_w.l(_printf_truncate.o)
    0x080008a4   0x080008a4   0x000000b2   Code   RO         1072    .text               c_w.l(_printf_intcommon.o)
    0x08000956   0x08000956   0x00000028   Code   RO         1073    .text               c_w.l(_printf_charcount.o)
    0x0800097e   0x0800097e   0x00000002   PAD
    0x08000980   0x08000980   0x00000030   Code   RO         1074    .text               c_w.l(_printf_char_common.o)
    0x080009b0   0x080009b0   0x0000000a   Code   RO         1075    .text               c_w.l(_sputc.o)
    0x080009ba   0x080009ba   0x00000010   Code   RO         1076    .text               c_w.l(_snputc.o)
    0x080009ca   0x080009ca   0x0000002c   Code   RO         1077    .text               c_w.l(_printf_char.o)
    0x080009f6   0x080009f6   0x00000002   PAD
    0x080009f8   0x080009f8   0x00000024   Code   RO         1078    .text               c_w.l(_printf_char_file.o)
    0x08000a1c   0x08000a1c   0x000000bc   Code   RO         1079    .text               c_w.l(_printf_wctomb.o)
    0x08000ad8   0x08000ad8   0x0000007c   Code   RO         1081    .text               c_w.l(_printf_longlong_dec.o)
    0x08000b54   0x08000b54   0x00000070   Code   RO         1084    .text               c_w.l(_printf_oct_int_ll.o)
    0x08000bc4   0x08000bc4   0x00000070   Code   RO         1105    .text               c_w.l(strtol.o)
    0x08000c34   0x08000c34   0x00000008   Code   RO         1117    .text               c_w.l(libspace.o)
    0x08000c3c   0x08000c3c   0x00000010   Code   RO         1134    .text               c_w.l(rt_ctype_table.o)
    0x08000c4c   0x08000c4c   0x0000008a   Code   RO         1135    .text               c_w.l(lludiv10.o)
    0x08000cd6   0x08000cd6   0x0000041e   Code   RO         1136    .text               c_w.l(_printf_fp_dec.o)
    0x080010f4   0x080010f4   0x000002fc   Code   RO         1137    .text               c_w.l(_printf_fp_hex.o)
    0x080013f0   0x080013f0   0x0000002c   Code   RO         1140    .text               c_w.l(_printf_wchar.o)
    0x0800141c   0x0800141c   0x0000009e   Code   RO         1141    .text               c_w.l(_strtoul.o)
    0x080014ba   0x080014ba   0x00000008   Code   RO         1142    .text               c_w.l(ferror.o)
    0x080014c2   0x080014c2   0x00000040   Code   RO         1144    .text               c_w.l(_wcrtomb.o)
    0x08001502   0x08001502   0x0000004a   Code   RO         1146    .text               c_w.l(sys_stackheap_outer.o)
    0x0800154c   0x0800154c   0x00000008   Code   RO         1149    .text               c_w.l(rt_locale_intlibspace.o)
    0x08001554   0x08001554   0x00000080   Code   RO         1150    .text               c_w.l(_printf_fp_infnan.o)
    0x080015d4   0x080015d4   0x0000001c   Code   RO         1151    .text               c_w.l(_chval.o)
    0x080015f0   0x080015f0   0x000000e4   Code   RO         1152    .text               c_w.l(bigflt0.o)
    0x080016d4   0x080016d4   0x00000012   Code   RO         1169    .text               c_w.l(exit.o)
    0x080016e6   0x080016e6   0x00000002   PAD
    0x080016e8   0x080016e8   0x00000080   Code   RO         1178    .text               c_w.l(strcmpv7m.o)
    0x08001768   0x08001768   0x0000003e   Code   RO         1154    CL$$btod_d2e        c_w.l(btod.o)
    0x080017a6   0x080017a6   0x00000046   Code   RO         1156    CL$$btod_d2e_denorm_low  c_w.l(btod.o)
    0x080017ec   0x080017ec   0x00000060   Code   RO         1155    CL$$btod_d2e_norm_op1  c_w.l(btod.o)
    0x0800184c   0x0800184c   0x00000338   Code   RO         1164    CL$$btod_div_common  c_w.l(btod.o)
    0x08001b84   0x08001b84   0x000000dc   Code   RO         1161    CL$$btod_e2e        c_w.l(btod.o)
    0x08001c60   0x08001c60   0x0000002a   Code   RO         1158    CL$$btod_ediv       c_w.l(btod.o)
    0x08001c8a   0x08001c8a   0x0000002a   Code   RO         1157    CL$$btod_emul       c_w.l(btod.o)
    0x08001cb4   0x08001cb4   0x00000244   Code   RO         1163    CL$$btod_mult_common  c_w.l(btod.o)
    0x08001ef8   0x08001ef8   0x00000004   Code   RO           11    i.BusFault_Handler  stm32f4xx_it.o
    0x08001efc   0x08001efc   0x00000014   Code   RO          101    i.CS_PWM_SetCompare  claw_servo.o
    0x08001f10   0x08001f10   0x0000003c   Code   RO          148    i.Calulate_Step     calculate.o
    0x08001f4c   0x08001f4c   0x000000bc   Code   RO          149    i.Calulate_WristAngle  calculate.o
    0x08002008   0x08002008   0x00000002   Code   RO           12    i.DebugMon_Handler  stm32f4xx_it.o
    0x0800200a   0x0800200a   0x00000002   PAD
    0x0800200c   0x0800200c   0x00000038   Code   RO           94    i.Door_Servo        bus_servo.o
    0x08002044   0x08002044   0x00000090   Code   RO          477    i.GPIO_Init         stm32f4xx_gpio.o
    0x080020d4   0x080020d4   0x00000046   Code   RO          478    i.GPIO_PinAFConfig  stm32f4xx_gpio.o
    0x0800211a   0x0800211a   0x00000012   Code   RO          481    i.GPIO_ReadInputDataBit  stm32f4xx_gpio.o
    0x0800212c   0x0800212c   0x00000006   Code   RO          484    i.GPIO_ResetBits    stm32f4xx_gpio.o
    0x08002132   0x08002132   0x00000004   Code   RO          485    i.GPIO_SetBits      stm32f4xx_gpio.o
    0x08002136   0x08002136   0x00000002   PAD
    0x08002138   0x08002138   0x0000007c   Code   RO           95    i.Gimbal_Servo      bus_servo.o
    0x080021b4   0x080021b4   0x00000004   Code   RO           13    i.HardFault_Handler  stm32f4xx_it.o
    0x080021b8   0x080021b8   0x0000005c   Code   RO           24    i.Led_Init          bsp_led.o
    0x08002214   0x08002214   0x0000003c   Code   RO          109    i.LinearActuator_Init  linear_actuator.o
    0x08002250   0x08002250   0x00000030   Code   RO          112    i.LinearAcuator_Stop  linear_actuator.o
    0x08002280   0x08002280   0x00000610   Code   RO          135    i.MOTOR_Move        motor_control.o
    0x08002890   0x08002890   0x00000004   Code   RO           14    i.MemManage_Handler  stm32f4xx_it.o
    0x08002894   0x08002894   0x00000010   Code   RO          127    i.Motor_DIS         motor.o
    0x080028a4   0x080028a4   0x00000010   Code   RO          128    i.Motor_EN          motor.o
    0x080028b4   0x080028b4   0x0000008c   Code   RO          129    i.Motor_GPIO_Init   motor.o
    0x08002940   0x08002940   0x0000001c   Code   RO          130    i.Motor_Init        motor.o
    0x0800295c   0x0800295c   0x00000114   Code   RO          131    i.Motor_TIM_Init    motor.o
    0x08002a70   0x08002a70   0x00000002   Code   RO           15    i.NMI_Handler       stm32f4xx_it.o
    0x08002a72   0x08002a72   0x00000002   PAD
    0x08002a74   0x08002a74   0x00000078   Code   RO          166    i.NVIC_Init         misc.o
    0x08002aec   0x08002aec   0x00000014   Code   RO          167    i.NVIC_PriorityGroupConfig  misc.o
    0x08002b00   0x08002b00   0x00000002   Code   RO           16    i.PendSV_Handler    stm32f4xx_it.o
    0x08002b02   0x08002b02   0x00000002   PAD
    0x08002b04   0x08002b04   0x00000020   Code   RO          629    i.RCC_AHB1PeriphClockCmd  stm32f4xx_rcc.o
    0x08002b24   0x08002b24   0x00000020   Code   RO          638    i.RCC_APB1PeriphClockCmd  stm32f4xx_rcc.o
    0x08002b44   0x08002b44   0x00000002   Code   RO           17    i.SVC_Handler       stm32f4xx_it.o
    0x08002b46   0x08002b46   0x00000002   PAD
    0x08002b48   0x08002b48   0x000000ec   Code   RO          159    i.SetSysClock       system_stm32f4xx.o
    0x08002c34   0x08002c34   0x000000e0   Code   RO          150    i.String2int        calculate.o
    0x08002d14   0x08002d14   0x00000058   Code   RO          122    i.SwitchStatus      switch.o
    0x08002d6c   0x08002d6c   0x00000002   Code   RO           18    i.SysTick_Handler   stm32f4xx_it.o
    0x08002d6e   0x08002d6e   0x00000002   PAD
    0x08002d70   0x08002d70   0x000000c0   Code   RO          160    i.SystemCoreClockUpdate  system_stm32f4xx.o
    0x08002e30   0x08002e30   0x00000068   Code   RO          161    i.SystemInit        system_stm32f4xx.o
    0x08002e98   0x08002e98   0x00000008   Code   RO          136    i.TIM4_IRQHandler   motor_control.o
    0x08002ea0   0x08002ea0   0x0000001e   Code   RO          867    i.TIM_CCxCmd        stm32f4xx_tim.o
    0x08002ebe   0x08002ebe   0x00000006   Code   RO          869    i.TIM_ClearFlag     stm32f4xx_tim.o
    0x08002ec4   0x08002ec4   0x00000006   Code   RO          870    i.TIM_ClearITPendingBit  stm32f4xx_tim.o
    0x08002eca   0x08002eca   0x00000018   Code   RO          875    i.TIM_Cmd           stm32f4xx_tim.o
    0x08002ee2   0x08002ee2   0x00000006   Code   RO          890    i.TIM_GetCapture1   stm32f4xx_tim.o
    0x08002ee8   0x08002ee8   0x00000006   Code   RO          891    i.TIM_GetCapture2   stm32f4xx_tim.o
    0x08002eee   0x08002eee   0x00000006   Code   RO          892    i.TIM_GetCapture3   stm32f4xx_tim.o
    0x08002ef4   0x08002ef4   0x00000022   Code   RO          896    i.TIM_GetITStatus   stm32f4xx_tim.o
    0x08002f16   0x08002f16   0x00000012   Code   RO          900    i.TIM_ITConfig      stm32f4xx_tim.o
    0x08002f28   0x08002f28   0x0000007c   Code   RO          904    i.TIM_OC1Init       stm32f4xx_tim.o
    0x08002fa4   0x08002fa4   0x00000012   Code   RO          907    i.TIM_OC1PreloadConfig  stm32f4xx_tim.o
    0x08002fb6   0x08002fb6   0x00000002   PAD
    0x08002fb8   0x08002fb8   0x000000a4   Code   RO          909    i.TIM_OC2Init       stm32f4xx_tim.o
    0x0800305c   0x0800305c   0x0000001a   Code   RO          912    i.TIM_OC2PreloadConfig  stm32f4xx_tim.o
    0x08003076   0x08003076   0x00000002   PAD
    0x08003078   0x08003078   0x000000a0   Code   RO          914    i.TIM_OC3Init       stm32f4xx_tim.o
    0x08003118   0x08003118   0x00000012   Code   RO          917    i.TIM_OC3PreloadConfig  stm32f4xx_tim.o
    0x0800312a   0x0800312a   0x00000014   Code   RO          922    i.TIM_OCStructInit  stm32f4xx_tim.o
    0x0800313e   0x0800313e   0x00000004   Code   RO          937    i.TIM_SetCompare1   stm32f4xx_tim.o
    0x08003142   0x08003142   0x00000004   Code   RO          938    i.TIM_SetCompare2   stm32f4xx_tim.o
    0x08003146   0x08003146   0x00000004   Code   RO          939    i.TIM_SetCompare3   stm32f4xx_tim.o
    0x0800314a   0x0800314a   0x00000004   Code   RO          940    i.TIM_SetCompare4   stm32f4xx_tim.o
    0x0800314e   0x0800314e   0x00000004   Code   RO          941    i.TIM_SetCounter    stm32f4xx_tim.o
    0x08003152   0x08003152   0x00000002   PAD
    0x08003154   0x08003154   0x00000084   Code   RO          947    i.TIM_TimeBaseInit  stm32f4xx_tim.o
    0x080031d8   0x080031d8   0x0000000c   Code   RO           29    i.UART1_ClearRx     bsp_uart.o
    0x080031e4   0x080031e4   0x0000000c   Code   RO           30    i.UART1_GetRxData   bsp_uart.o
    0x080031f0   0x080031f0   0x0000000c   Code   RO           31    i.UART1_GetRxNum    bsp_uart.o
    0x080031fc   0x080031fc   0x00000214   Code   RO           32    i.UART1_Init        bsp_uart.o
    0x08003410   0x08003410   0x00000054   Code   RO           34    i.UART1_SendData    bsp_uart.o
    0x08003464   0x08003464   0x000001a8   Code   RO           46    i.UART3_Init        bsp_uart.o
    0x0800360c   0x0800360c   0x00000054   Code   RO           48    i.UART3_SendData    bsp_uart.o
    0x08003660   0x08003660   0x00000042   Code   RO           49    i.UART3_SendString  bsp_uart.o
    0x080036a2   0x080036a2   0x00000002   PAD
    0x080036a4   0x080036a4   0x0000000c   Code   RO           50    i.UART4_ClearRx     bsp_uart.o
    0x080036b0   0x080036b0   0x0000000c   Code   RO           51    i.UART4_GetRxData   bsp_uart.o
    0x080036bc   0x080036bc   0x0000000c   Code   RO           52    i.UART4_GetRxNum    bsp_uart.o
    0x080036c8   0x080036c8   0x0000011c   Code   RO           53    i.UART4_IRQHandler  bsp_uart.o
    0x080037e4   0x080037e4   0x000001a8   Code   RO           54    i.UART4_Init        bsp_uart.o
    0x0800398c   0x0800398c   0x00000054   Code   RO           56    i.UART4_SendData    bsp_uart.o
    0x080039e0   0x080039e0   0x0000010c   Code   RO           61    i.UART5_IRQHandler  bsp_uart.o
    0x08003aec   0x08003aec   0x0000010c   Code   RO           73    i.USART1_IRQHandler  bsp_uart.o
    0x08003bf8   0x08003bf8   0x0000011c   Code   RO           74    i.USART2_IRQHandler  bsp_uart.o
    0x08003d14   0x08003d14   0x0000011c   Code   RO           75    i.USART3_IRQHandler  bsp_uart.o
    0x08003e30   0x08003e30   0x0000011c   Code   RO           76    i.USART6_IRQHandler  bsp_uart.o
    0x08003f4c   0x08003f4c   0x00000004   Code   RO           19    i.UsageFault_Handler  stm32f4xx_it.o
    0x08003f50   0x08003f50   0x0000003c   Code   RO           96    i.Wrist_ServoMove   bus_servo.o
    0x08003f8c   0x08003f8c   0x00000030   Code   RO         1175    i.__ARM_fpclassify  m_wm.l(fpclassify.o)
    0x08003fbc   0x08003fbc   0x0000007a   Code   RO         1058    i.__hardfp_sqrt     m_wm.l(sqrt.o)
    0x08004036   0x08004036   0x0000000e   Code   RO         1026    i._is_digit         c_w.l(__printf_wp.o)
    0x08004044   0x08004044   0x00000004   Code   RO           77    i._sys_exit         bsp_uart.o
    0x08004048   0x08004048   0x00000014   Code   RO          102    i.claw_servo_Init   claw_servo.o
    0x0800405c   0x0800405c   0x000000c8   Code   RO          103    i.claw_servo_gpio_Init  claw_servo.o
    0x08004124   0x08004124   0x00000010   Code   RO          104    i.claw_servo_home   claw_servo.o
    0x08004134   0x08004134   0x00000058   Code   RO          105    i.claw_servo_setAngle  claw_servo.o
    0x0800418c   0x0800418c   0x00000038   Code   RO           86    i.delay_init        delay.o
    0x080041c4   0x080041c4   0x00000038   Code   RO           87    i.delay_ms          delay.o
    0x080041fc   0x080041fc   0x0000003c   Code   RO           89    i.delay_xms         delay.o
    0x08004238   0x08004238   0x00000010   Code   RO           78    i.fputc             bsp_uart.o
    0x08004248   0x08004248   0x000003d0   Code   RO            5    i.main              main.o
    0x08004618   0x08004618   0x000005c0   Code   RO          137    i.speed_decision    motor_control.o
    0x08004bd8   0x08004bd8   0x00000128   Code   RO          143    i.uart_debugfunction  uart_debug.o
    0x08004d00   0x08004d00   0x0000002c   Code   RO         1166    locale$$code        c_w.l(lc_ctype_c.o)
    0x08004d2c   0x08004d2c   0x0000002c   Code   RO         1168    locale$$code        c_w.l(lc_numeric_c.o)
    0x08004d58   0x08004d58   0x00000062   Code   RO         1044    x$fpl$d2f           fz_wm.l(d2f.o)
    0x08004dba   0x08004dba   0x00000002   PAD
    0x08004dbc   0x08004dbc   0x00000150   Code   RO         1045    x$fpl$dadd          fz_wm.l(daddsub_clz.o)
    0x08004f0c   0x08004f0c   0x00000018   Code   RO         1145    x$fpl$dcmpinf       fz_wm.l(dcmpi.o)
    0x08004f24   0x08004f24   0x000002b0   Code   RO         1049    x$fpl$ddiv          fz_wm.l(ddiv.o)
    0x080051d4   0x080051d4   0x0000005e   Code   RO         1050    x$fpl$dfix          fz_wm.l(dfix.o)
    0x08005232   0x08005232   0x0000002e   Code   RO         1053    x$fpl$dflt          fz_wm.l(dflt_clz.o)
    0x08005260   0x08005260   0x00000026   Code   RO         1052    x$fpl$dfltu         fz_wm.l(dflt_clz.o)
    0x08005286   0x08005286   0x00000002   PAD
    0x08005288   0x08005288   0x00000078   Code   RO         1106    x$fpl$dleqf         fz_wm.l(dleqf.o)
    0x08005300   0x08005300   0x00000154   Code   RO         1055    x$fpl$dmul          fz_wm.l(dmul.o)
    0x08005454   0x08005454   0x0000009c   Code   RO         1107    x$fpl$dnaninf       fz_wm.l(dnaninf.o)
    0x080054f0   0x080054f0   0x0000000c   Code   RO         1108    x$fpl$dretinf       fz_wm.l(dretinf.o)
    0x080054fc   0x080054fc   0x0000006c   Code   RO         1056    x$fpl$drleqf        fz_wm.l(drleqf.o)
    0x08005568   0x08005568   0x00000016   Code   RO         1046    x$fpl$drsb          fz_wm.l(daddsub_clz.o)
    0x0800557e   0x0800557e   0x00000002   PAD
    0x08005580   0x08005580   0x00000198   Code   RO         1109    x$fpl$dsqrt         fz_wm.l(dsqrt_umaal.o)
    0x08005718   0x08005718   0x000001d4   Code   RO         1047    x$fpl$dsub          fz_wm.l(daddsub_clz.o)
    0x080058ec   0x080058ec   0x00000056   Code   RO         1057    x$fpl$f2d           fz_wm.l(f2d.o)
    0x08005942   0x08005942   0x0000008c   Code   RO         1110    x$fpl$fnaninf       fz_wm.l(fnaninf.o)
    0x080059ce   0x080059ce   0x0000000a   Code   RO         1232    x$fpl$fpinit        fz_wm.l(fpinit.o)
    0x080059d8   0x080059d8   0x0000000a   Code   RO         1111    x$fpl$fretinf       fz_wm.l(fretinf.o)
    0x080059e2   0x080059e2   0x00000004   Code   RO         1112    x$fpl$printf1       fz_wm.l(printf1.o)
    0x080059e6   0x080059e6   0x00000004   Code   RO         1113    x$fpl$printf2       fz_wm.l(printf2.o)
    0x080059ea   0x080059ea   0x00000000   Code   RO         1116    x$fpl$usenofp       fz_wm.l(usenofp.o)
    0x080059ea   0x080059ea   0x00000002   PAD
    0x080059ec   0x080059ec   0x0000006c   Data   RO            6    .constdata          main.o
    0x08005a58   0x08005a58   0x00000010   Data   RO           97    .constdata          bus_servo.o
    0x08005a68   0x08005a68   0x00000017   Data   RO          151    .constdata          calculate.o
    0x08005a7f   0x08005a7f   0x00000028   Data   RO         1018    .constdata          c_w.l(_printf_hex_int_ll_ptr.o)
    0x08005aa7   0x08005aa7   0x00000011   Data   RO         1031    .constdata          c_w.l(__printf_flags_ss_wp.o)
    0x08005ab8   0x08005ab8   0x00000008   Data   RO         1080    .constdata          c_w.l(_printf_wctomb.o)
    0x08005ac0   0x08005ac0   0x00000026   Data   RO         1138    .constdata          c_w.l(_printf_fp_hex.o)
    0x08005ae6   0x08005ae6   0x00000002   PAD
    0x08005ae8   0x08005ae8   0x00000094   Data   RO         1153    .constdata          c_w.l(bigflt0.o)
    0x08005b7c   0x08005b7c   0x000000ca   Data   RO           81    .conststring        bsp_uart.o
    0x08005c46   0x08005c46   0x00000002   PAD
    0x08005c48   0x08005c48   0x00000020   Data   RO         1275    Region$$Table       anon$$obj.o
    0x08005c68   0x08005c68   0x00000110   Data   RO         1165    locale$$data        c_w.l(lc_ctype_c.o)
    0x08005d78   0x08005d78   0x0000001c   Data   RO         1167    locale$$data        c_w.l(lc_numeric_c.o)


    Execution Region RW_IRAM1 (Exec base: 0x20000000, Load base: 0x08005d94, Size: 0x00003170, Max: 0x00020000, ABSOLUTE)

    Exec Addr    Load Addr    Size         Type   Attr      Idx    E Section Name        Object

    0x20000000   0x08005d94   0x00000015   Data   RW            7    .data               main.o
    0x20000015   0x08005da9   0x00000003   PAD
    0x20000018   0x08005dac   0x00000010   Data   RW           82    .data               bsp_uart.o
    0x20000028   0x08005dbc   0x00000004   Data   RW           90    .data               delay.o
    0x2000002c   0x08005dc0   0x0000000d   Data   RW          139    .data               motor_control.o
    0x20000039   0x08005dcd   0x00000003   PAD
    0x2000003c   0x08005dd0   0x00000014   Data   RW          162    .data               system_stm32f4xx.o
    0x20000050        -       0x00002a60   Zero   RW           80    .bss                bsp_uart.o
    0x20002ab0        -       0x00000060   Zero   RW          138    .bss                motor_control.o
    0x20002b10        -       0x00000060   Zero   RW         1118    .bss                c_w.l(libspace.o)
    0x20002b70        -       0x00000200   Zero   RW          153    HEAP                startup_stm32f40xx.o
    0x20002d70        -       0x00000400   Zero   RW          152    STACK               startup_stm32f40xx.o


==============================================================================

Image component sizes


      Code (inc. data)   RO Data    RW Data    ZI Data      Debug   Object Name

        92          8          0          0          0          0   bsp_led.o
      3462        624        202         16      10848          0   bsp_uart.o
       240        118         16          0          0          0   bus_servo.o
       472         56         23          0          0          0   calculate.o
       344         42          0          0          0          0   claw_servo.o
       172         14          0          4          0          0   delay.o
       108         10          0          0          0          0   linear_actuator.o
       976         62        108         21          0          0   main.o
       140         24          0          0          0          0   misc.o
       476         26          0          0          0          0   motor.o
      3032        134          0         13         96          0   motor_control.o
        64         26        392          0       1536          0   startup_stm32f40xx.o
       242          0          0          0          0          0   stm32f4xx_gpio.o
        26          0          0          0          0          0   stm32f4xx_it.o
        64         12          0          0          0          0   stm32f4xx_rcc.o
       818         58          0          0          0          0   stm32f4xx_tim.o
        88          6          0          0          0          0   switch.o
       532         54          0         20          0          0   system_stm32f4xx.o
       296        140          0          0          0          0   uart_debug.o

    ----------------------------------------------------------------------
     11664       1414        775         80      12480          0   Object Totals
         0          0         32          0          0          0   (incl. Generated)
        20          0          2          6          0          0   (incl. Padding)

    ----------------------------------------------------------------------

      Code (inc. data)   RO Data    RW Data    ZI Data      Debug   Library Member Name

        24          4          0          0          0          0   __2printf.o
        44          6          0          0          0          0   __2sprintf.o
         8          0          0          0          0          0   __main.o
       392          4         17          0          0          0   __printf_flags_ss_wp.o
        14          0          0          0          0          0   __printf_wp.o
         0          0          0          0          0          0   __rtentry.o
        12          0          0          0          0          0   __rtentry2.o
         6          0          0          0          0          0   __rtentry4.o
        52          8          0          0          0          0   __scatter.o
        26          0          0          0          0          0   __scatter_copy.o
        28          0          0          0          0          0   __scatter_zi.o
        28          0          0          0          0          0   _chval.o
         6          0          0          0          0          0   _printf_a.o
         6          0          0          0          0          0   _printf_c.o
        44          0          0          0          0          0   _printf_char.o
        48          6          0          0          0          0   _printf_char_common.o
        36          4          0          0          0          0   _printf_char_file.o
        40          0          0          0          0          0   _printf_charcount.o
         6          0          0          0          0          0   _printf_d.o
       120         16          0          0          0          0   _printf_dec.o
         6          0          0          0          0          0   _printf_e.o
         6          0          0          0          0          0   _printf_f.o
      1054          0          0          0          0          0   _printf_fp_dec.o
       764          8         38          0          0          0   _printf_fp_hex.o
       128         16          0          0          0          0   _printf_fp_infnan.o
         6          0          0          0          0          0   _printf_g.o
       148          4         40          0          0          0   _printf_hex_int_ll_ptr.o
         6          0          0          0          0          0   _printf_i.o
       178          0          0          0          0          0   _printf_intcommon.o
        10          0          0          0          0          0   _printf_l.o
         6          0          0          0          0          0   _printf_lc.o
        10          0          0          0          0          0   _printf_ll.o
         6          0          0          0          0          0   _printf_lld.o
         6          0          0          0          0          0   _printf_lli.o
         6          0          0          0          0          0   _printf_llo.o
         6          0          0          0          0          0   _printf_llu.o
         6          0          0          0          0          0   _printf_llx.o
       124         16          0          0          0          0   _printf_longlong_dec.o
         6          0          0          0          0          0   _printf_ls.o
         6          0          0          0          0          0   _printf_n.o
         6          0          0          0          0          0   _printf_o.o
       112         10          0          0          0          0   _printf_oct_int_ll.o
         6          0          0          0          0          0   _printf_p.o
        78          0          0          0          0          0   _printf_pad.o
         0          0          0          0          0          0   _printf_percent.o
         4          0          0          0          0          0   _printf_percent_end.o
         6          0          0          0          0          0   _printf_s.o
        82          0          0          0          0          0   _printf_str.o
        36          0          0          0          0          0   _printf_truncate.o
         6          0          0          0          0          0   _printf_u.o
        44          0          0          0          0          0   _printf_wchar.o
       188          6          8          0          0          0   _printf_wctomb.o
         6          0          0          0          0          0   _printf_x.o
        22          0          0          0          0          0   _rserrno.o
        16          0          0          0          0          0   _snputc.o
        10          0          0          0          0          0   _sputc.o
       158          0          0          0          0          0   _strtoul.o
        64          0          0          0          0          0   _wcrtomb.o
        26          0          0          0          0          0   atoi.o
       228          4        148          0          0          0   bigflt0.o
      1936        128          0          0          0          0   btod.o
        18          0          0          0          0          0   exit.o
         8          0          0          0          0          0   ferror.o
         6          0          0          0          0          0   heapauxi.o
        44         10        272          0          0          0   lc_ctype_c.o
        44         10         28          0          0          0   lc_numeric_c.o
         2          0          0          0          0          0   libinit.o
        34          0          0          0          0          0   libinit2.o
         2          0          0          0          0          0   libshutdown.o
         2          0          0          0          0          0   libshutdown2.o
         8          4          0          0         96          0   libspace.o
       138          0          0          0          0          0   lludiv10.o
        16          4          0          0          0          0   rt_ctype_table.o
         8          4          0          0          0          0   rt_errno_addr_intlibspace.o
         8          4          0          0          0          0   rt_locale_intlibspace.o
        78          0          0          0          0          0   rt_memclr_w.o
       138          0          0          0          0          0   rt_memcpy_v6.o
       100          0          0          0          0          0   rt_memcpy_w.o
         2          0          0          0          0          0   rtexit.o
        10          0          0          0          0          0   rtexit2.o
       128          0          0          0          0          0   strcmpv7m.o
        62          0          0          0          0          0   strlen.o
       112          0          0          0          0          0   strtol.o
        74          0          0          0          0          0   sys_stackheap_outer.o
         2          0          0          0          0          0   use_no_semi.o
         2          0          0          0          0          0   use_no_semi_2.o
        52          4          0          0          0          0   vsnprintf.o
        98          4          0          0          0          0   d2f.o
       826         16          0          0          0          0   daddsub_clz.o
        24          0          0          0          0          0   dcmpi.o
       688        140          0          0          0          0   ddiv.o
        94          4          0          0          0          0   dfix.o
        84          0          0          0          0          0   dflt_clz.o
       120          4          0          0          0          0   dleqf.o
       340         12          0          0          0          0   dmul.o
       156          4          0          0          0          0   dnaninf.o
        12          0          0          0          0          0   dretinf.o
       108          0          0          0          0          0   drleqf.o
       408         56          0          0          0          0   dsqrt_umaal.o
        86          4          0          0          0          0   f2d.o
       140          4          0          0          0          0   fnaninf.o
        10          0          0          0          0          0   fpinit.o
        10          0          0          0          0          0   fretinf.o
         4          0          0          0          0          0   printf1.o
         4          0          0          0          0          0   printf2.o
         0          0          0          0          0          0   usenofp.o
        48          0          0          0          0          0   fpclassify.o
       122          0          0          0          0          0   sqrt.o

    ----------------------------------------------------------------------
     10964        528        553          0         96          0   Library Totals
        22          0          2          0          0          0   (incl. Padding)

    ----------------------------------------------------------------------

      Code (inc. data)   RO Data    RW Data    ZI Data      Debug   Library Name

      7560        280        551          0         96          0   c_w.l
      3212        248          0          0          0          0   fz_wm.l
       170          0          0          0          0          0   m_wm.l

    ----------------------------------------------------------------------
     10964        528        553          0         96          0   Library Totals

    ----------------------------------------------------------------------

==============================================================================


      Code (inc. data)   RO Data    RW Data    ZI Data      Debug   

     22628       1942       1328         80      12576          0   Grand Totals
     22628       1942       1328         80      12576          0   ELF Image Totals
     22628       1942       1328         80          0          0   ROM Totals

==============================================================================

    Total RO  Size (Code + RO Data)                23956 (  23.39kB)
    Total RW  Size (RW Data + ZI Data)             12656 (  12.36kB)
    Total ROM Size (Code + RO Data + RW Data)      24036 (  23.47kB)

==============================================================================

